<!doctype html public "-//w3c//dtd html 4.0 transitional//en">
<html><head>
<title>Static Call Graph - [B-L475E-IOT01\B-L475E-IOT01.axf]</title></head>
<body><HR>
<H1>Static Call Graph for image B-L475E-IOT01\B-L475E-IOT01.axf</H1><HR>
<BR><P>#&#060CALLGRAPH&#062# ARM Linker, 5060750: Last Updated: Sun Jun 27 11:28:26 2021
<BR><P>
<H3>Maximum Stack Usage =        248 bytes + Unknown(Functions without stacksize, Cycles, Untraceable Function Pointers)</H3><H3>
Call chain for Maximum Stack Depth:</H3>
HTS221_T_ReadTemp &rArr; SENSOR_IO_ReadMultiple &rArr; I2Cx_ReadMultiple &rArr; HAL_I2C_Mem_Read &rArr; I2C_RequestMemoryRead &rArr; I2C_WaitOnTXISFlagUntilTimeout &rArr; I2C_IsAcknowledgeFailed
<P>
<H3>
Functions with no stack information
</H3><UL>
 <LI><a href="#[eb]">CPU_IntDis</a>
 <LI><a href="#[ec]">CPU_IntEn</a>
 <LI><a href="#[b2]">CPU_SR_Save</a>
 <LI><a href="#[b3]">CPU_SR_Restore</a>
 <LI><a href="#[ed]">CPU_WaitForInt</a>
 <LI><a href="#[ee]">CPU_WaitForExcept</a>
 <LI><a href="#[ef]">CPU_CntLeadZeros</a>
 <LI><a href="#[f0]">CPU_CntTrailZeros</a>
 <LI><a href="#[f1]">CPU_RevBits</a>
 <LI><a href="#[b5]">Mem_Copy</a>
</UL>
</UL>
<P>
<H3>
Mutually Recursive functions
</H3> <LI><a href="#[30]">ADC1_2_IRQHandler</a>&nbsp;&nbsp;&nbsp;&rArr;&nbsp;&nbsp;&nbsp;<a href="#[30]">ADC1_2_IRQHandler</a><BR>
</UL>
<P>
<H3>
Function Pointers
</H3><UL>
 <LI><a href="#[30]">ADC1_2_IRQHandler</a> from startup_stm32l475xx.o(.text) referenced from startup_stm32l475xx.o(RESET)
 <LI><a href="#[4d]">ADC3_IRQHandler</a> from startup_stm32l475xx.o(.text) referenced from startup_stm32l475xx.o(RESET)
 <LI><a href="#[18]">BusFault_Handler</a> from stm32l4xx_it.o(i.BusFault_Handler) referenced from startup_stm32l475xx.o(RESET)
 <LI><a href="#[32]">CAN1_RX0_IRQHandler</a> from startup_stm32l475xx.o(.text) referenced from startup_stm32l475xx.o(RESET)
 <LI><a href="#[33]">CAN1_RX1_IRQHandler</a> from startup_stm32l475xx.o(.text) referenced from startup_stm32l475xx.o(RESET)
 <LI><a href="#[34]">CAN1_SCE_IRQHandler</a> from startup_stm32l475xx.o(.text) referenced from startup_stm32l475xx.o(RESET)
 <LI><a href="#[31]">CAN1_TX_IRQHandler</a> from startup_stm32l475xx.o(.text) referenced from startup_stm32l475xx.o(RESET)
 <LI><a href="#[5e]">COMP_IRQHandler</a> from startup_stm32l475xx.o(.text) referenced from startup_stm32l475xx.o(RESET)
 <LI><a href="#[5b]">DFSDM1_FLT0_IRQHandler</a> from startup_stm32l475xx.o(.text) referenced from startup_stm32l475xx.o(RESET)
 <LI><a href="#[5c]">DFSDM1_FLT1_IRQHandler</a> from startup_stm32l475xx.o(.text) referenced from startup_stm32l475xx.o(RESET)
 <LI><a href="#[5d]">DFSDM1_FLT2_IRQHandler</a> from startup_stm32l475xx.o(.text) referenced from startup_stm32l475xx.o(RESET)
 <LI><a href="#[48]">DFSDM1_FLT3_IRQHandler</a> from startup_stm32l475xx.o(.text) referenced from startup_stm32l475xx.o(RESET)
 <LI><a href="#[29]">DMA1_Channel1_IRQHandler</a> from startup_stm32l475xx.o(.text) referenced from startup_stm32l475xx.o(RESET)
 <LI><a href="#[2a]">DMA1_Channel2_IRQHandler</a> from startup_stm32l475xx.o(.text) referenced from startup_stm32l475xx.o(RESET)
 <LI><a href="#[2b]">DMA1_Channel3_IRQHandler</a> from startup_stm32l475xx.o(.text) referenced from startup_stm32l475xx.o(RESET)
 <LI><a href="#[2c]">DMA1_Channel4_IRQHandler</a> from startup_stm32l475xx.o(.text) referenced from startup_stm32l475xx.o(RESET)
 <LI><a href="#[2d]">DMA1_Channel5_IRQHandler</a> from startup_stm32l475xx.o(.text) referenced from startup_stm32l475xx.o(RESET)
 <LI><a href="#[2e]">DMA1_Channel6_IRQHandler</a> from startup_stm32l475xx.o(.text) referenced from startup_stm32l475xx.o(RESET)
 <LI><a href="#[2f]">DMA1_Channel7_IRQHandler</a> from startup_stm32l475xx.o(.text) referenced from startup_stm32l475xx.o(RESET)
 <LI><a href="#[56]">DMA2_Channel1_IRQHandler</a> from startup_stm32l475xx.o(.text) referenced from startup_stm32l475xx.o(RESET)
 <LI><a href="#[57]">DMA2_Channel2_IRQHandler</a> from startup_stm32l475xx.o(.text) referenced from startup_stm32l475xx.o(RESET)
 <LI><a href="#[58]">DMA2_Channel3_IRQHandler</a> from startup_stm32l475xx.o(.text) referenced from startup_stm32l475xx.o(RESET)
 <LI><a href="#[59]">DMA2_Channel4_IRQHandler</a> from startup_stm32l475xx.o(.text) referenced from startup_stm32l475xx.o(RESET)
 <LI><a href="#[5a]">DMA2_Channel5_IRQHandler</a> from startup_stm32l475xx.o(.text) referenced from startup_stm32l475xx.o(RESET)
 <LI><a href="#[62]">DMA2_Channel6_IRQHandler</a> from startup_stm32l475xx.o(.text) referenced from startup_stm32l475xx.o(RESET)
 <LI><a href="#[63]">DMA2_Channel7_IRQHandler</a> from startup_stm32l475xx.o(.text) referenced from startup_stm32l475xx.o(RESET)
 <LI><a href="#[1b]">DebugMon_Handler</a> from stm32l4xx_it.o(i.DebugMon_Handler) referenced from startup_stm32l475xx.o(RESET)
 <LI><a href="#[24]">EXTI0_IRQHandler</a> from startup_stm32l475xx.o(.text) referenced from startup_stm32l475xx.o(RESET)
 <LI><a href="#[46]">EXTI15_10_IRQHandler</a> from startup_stm32l475xx.o(.text) referenced from startup_stm32l475xx.o(RESET)
 <LI><a href="#[25]">EXTI1_IRQHandler</a> from startup_stm32l475xx.o(.text) referenced from startup_stm32l475xx.o(RESET)
 <LI><a href="#[26]">EXTI2_IRQHandler</a> from startup_stm32l475xx.o(.text) referenced from startup_stm32l475xx.o(RESET)
 <LI><a href="#[27]">EXTI3_IRQHandler</a> from startup_stm32l475xx.o(.text) referenced from startup_stm32l475xx.o(RESET)
 <LI><a href="#[28]">EXTI4_IRQHandler</a> from startup_stm32l475xx.o(.text) referenced from startup_stm32l475xx.o(RESET)
 <LI><a href="#[35]">EXTI9_5_IRQHandler</a> from startup_stm32l475xx.o(.text) referenced from startup_stm32l475xx.o(RESET)
 <LI><a href="#[22]">FLASH_IRQHandler</a> from startup_stm32l475xx.o(.text) referenced from startup_stm32l475xx.o(RESET)
 <LI><a href="#[4e]">FMC_IRQHandler</a> from startup_stm32l475xx.o(.text) referenced from startup_stm32l475xx.o(RESET)
 <LI><a href="#[6d]">FPU_IRQHandler</a> from startup_stm32l475xx.o(.text) referenced from startup_stm32l475xx.o(RESET)
 <LI><a href="#[5]">HTS221_H_Init</a> from hts221.o(i.HTS221_H_Init) referenced 2 times from hts221.o(.data)
 <LI><a href="#[7]">HTS221_H_ReadHumidity</a> from hts221.o(i.HTS221_H_ReadHumidity) referenced 2 times from hts221.o(.data)
 <LI><a href="#[6]">HTS221_H_ReadID</a> from hts221.o(i.HTS221_H_ReadID) referenced 2 times from hts221.o(.data)
 <LI><a href="#[8]">HTS221_T_Init</a> from hts221.o(i.HTS221_T_Init) referenced 2 times from hts221.o(.data)
 <LI><a href="#[9]">HTS221_T_ReadTemp</a> from hts221.o(i.HTS221_T_ReadTemp) referenced 2 times from hts221.o(.data)
 <LI><a href="#[16]">HardFault_Handler</a> from stm32l4xx_it.o(i.HardFault_Handler) referenced from startup_stm32l475xx.o(RESET)
 <LI><a href="#[3e]">I2C1_ER_IRQHandler</a> from startup_stm32l475xx.o(.text) referenced from startup_stm32l475xx.o(RESET)
 <LI><a href="#[3d]">I2C1_EV_IRQHandler</a> from startup_stm32l475xx.o(.text) referenced from startup_stm32l475xx.o(RESET)
 <LI><a href="#[40]">I2C2_ER_IRQHandler</a> from startup_stm32l475xx.o(.text) referenced from startup_stm32l475xx.o(RESET)
 <LI><a href="#[3f]">I2C2_EV_IRQHandler</a> from startup_stm32l475xx.o(.text) referenced from startup_stm32l475xx.o(RESET)
 <LI><a href="#[67]">I2C3_ER_IRQHandler</a> from startup_stm32l475xx.o(.text) referenced from startup_stm32l475xx.o(RESET)
 <LI><a href="#[66]">I2C3_EV_IRQHandler</a> from startup_stm32l475xx.o(.text) referenced from startup_stm32l475xx.o(RESET)
 <LI><a href="#[0]">LPS22HB_P_Init</a> from lps22hb.o(i.LPS22HB_P_Init) referenced 2 times from lps22hb.o(.data)
 <LI><a href="#[1]">LPS22HB_P_ReadID</a> from lps22hb.o(i.LPS22HB_P_ReadID) referenced 2 times from lps22hb.o(.data)
 <LI><a href="#[2]">LPS22HB_P_ReadPressure</a> from lps22hb.o(i.LPS22HB_P_ReadPressure) referenced 2 times from lps22hb.o(.data)
 <LI><a href="#[3]">LPS22HB_T_Init</a> from lps22hb.o(i.LPS22HB_T_Init) referenced 2 times from lps22hb.o(.data)
 <LI><a href="#[4]">LPS22HB_T_ReadTemp</a> from lps22hb.o(i.LPS22HB_T_ReadTemp) referenced 2 times from lps22hb.o(.data)
 <LI><a href="#[5f]">LPTIM1_IRQHandler</a> from startup_stm32l475xx.o(.text) referenced from startup_stm32l475xx.o(RESET)
 <LI><a href="#[60]">LPTIM2_IRQHandler</a> from startup_stm32l475xx.o(.text) referenced from startup_stm32l475xx.o(RESET)
 <LI><a href="#[64]">LPUART1_IRQHandler</a> from startup_stm32l475xx.o(.text) referenced from startup_stm32l475xx.o(RESET)
 <LI><a href="#[b]">LSM6DSL_AccDeInit</a> from lsm6dsl.o(i.LSM6DSL_AccDeInit) referenced 2 times from lsm6dsl.o(.data)
 <LI><a href="#[a]">LSM6DSL_AccInit</a> from lsm6dsl.o(i.LSM6DSL_AccInit) referenced 2 times from lsm6dsl.o(.data)
 <LI><a href="#[d]">LSM6DSL_AccLowPower</a> from lsm6dsl.o(i.LSM6DSL_AccLowPower) referenced 2 times from lsm6dsl.o(.data)
 <LI><a href="#[c]">LSM6DSL_AccReadID</a> from lsm6dsl.o(i.LSM6DSL_AccReadID) referenced 2 times from lsm6dsl.o(.data)
 <LI><a href="#[e]">LSM6DSL_AccReadXYZ</a> from lsm6dsl.o(i.LSM6DSL_AccReadXYZ) referenced 2 times from lsm6dsl.o(.data)
 <LI><a href="#[10]">LSM6DSL_GyroDeInit</a> from lsm6dsl.o(i.LSM6DSL_GyroDeInit) referenced 2 times from lsm6dsl.o(.data)
 <LI><a href="#[f]">LSM6DSL_GyroInit</a> from lsm6dsl.o(i.LSM6DSL_GyroInit) referenced 2 times from lsm6dsl.o(.data)
 <LI><a href="#[12]">LSM6DSL_GyroLowPower</a> from lsm6dsl.o(i.LSM6DSL_GyroLowPower) referenced 2 times from lsm6dsl.o(.data)
 <LI><a href="#[11]">LSM6DSL_GyroReadID</a> from lsm6dsl.o(i.LSM6DSL_GyroReadID) referenced 2 times from lsm6dsl.o(.data)
 <LI><a href="#[13]">LSM6DSL_GyroReadXYZAngRate</a> from lsm6dsl.o(i.LSM6DSL_GyroReadXYZAngRate) referenced 2 times from lsm6dsl.o(.data)
 <LI><a href="#[17]">MemManage_Handler</a> from stm32l4xx_it.o(i.MemManage_Handler) referenced from startup_stm32l475xx.o(RESET)
 <LI><a href="#[15]">NMI_Handler</a> from stm32l4xx_it.o(i.NMI_Handler) referenced from startup_stm32l475xx.o(RESET)
 <LI><a href="#[61]">OTG_FS_IRQHandler</a> from startup_stm32l475xx.o(.text) referenced from startup_stm32l475xx.o(RESET)
 <LI><a href="#[1f]">PVD_PVM_IRQHandler</a> from startup_stm32l475xx.o(.text) referenced from startup_stm32l475xx.o(RESET)
 <LI><a href="#[1c]">PendSV_Handler</a> from stm32l4xx_it.o(i.PendSV_Handler) referenced from startup_stm32l475xx.o(RESET)
 <LI><a href="#[65]">QUADSPI_IRQHandler</a> from startup_stm32l475xx.o(.text) referenced from startup_stm32l475xx.o(RESET)
 <LI><a href="#[23]">RCC_IRQHandler</a> from startup_stm32l475xx.o(.text) referenced from startup_stm32l475xx.o(RESET)
 <LI><a href="#[6c]">RNG_IRQHandler</a> from startup_stm32l475xx.o(.text) referenced from startup_stm32l475xx.o(RESET)
 <LI><a href="#[47]">RTC_Alarm_IRQHandler</a> from startup_stm32l475xx.o(.text) referenced from startup_stm32l475xx.o(RESET)
 <LI><a href="#[21]">RTC_WKUP_IRQHandler</a> from startup_stm32l475xx.o(.text) referenced from startup_stm32l475xx.o(RESET)
 <LI><a href="#[14]">Reset_Handler</a> from startup_stm32l475xx.o(.text) referenced from startup_stm32l475xx.o(RESET)
 <LI><a href="#[68]">SAI1_IRQHandler</a> from startup_stm32l475xx.o(.text) referenced from startup_stm32l475xx.o(RESET)
 <LI><a href="#[69]">SAI2_IRQHandler</a> from startup_stm32l475xx.o(.text) referenced from startup_stm32l475xx.o(RESET)
 <LI><a href="#[4f]">SDMMC1_IRQHandler</a> from startup_stm32l475xx.o(.text) referenced from startup_stm32l475xx.o(RESET)
 <LI><a href="#[41]">SPI1_IRQHandler</a> from startup_stm32l475xx.o(.text) referenced from startup_stm32l475xx.o(RESET)
 <LI><a href="#[42]">SPI2_IRQHandler</a> from startup_stm32l475xx.o(.text) referenced from startup_stm32l475xx.o(RESET)
 <LI><a href="#[51]">SPI3_IRQHandler</a> from startup_stm32l475xx.o(.text) referenced from startup_stm32l475xx.o(RESET)
 <LI><a href="#[1a]">SVC_Handler</a> from stm32l4xx_it.o(i.SVC_Handler) referenced from startup_stm32l475xx.o(RESET)
 <LI><a href="#[6a]">SWPMI1_IRQHandler</a> from startup_stm32l475xx.o(.text) referenced from startup_stm32l475xx.o(RESET)
 <LI><a href="#[1d]">SysTick_Handler</a> from stm32l4xx_it.o(i.SysTick_Handler) referenced from startup_stm32l475xx.o(RESET)
 <LI><a href="#[6f]">SystemInit</a> from system_stm32l4xx.o(i.SystemInit) referenced from startup_stm32l475xx.o(.text)
 <LI><a href="#[20]">TAMP_STAMP_IRQHandler</a> from startup_stm32l475xx.o(.text) referenced from startup_stm32l475xx.o(RESET)
 <LI><a href="#[36]">TIM1_BRK_TIM15_IRQHandler</a> from startup_stm32l475xx.o(.text) referenced from startup_stm32l475xx.o(RESET)
 <LI><a href="#[39]">TIM1_CC_IRQHandler</a> from startup_stm32l475xx.o(.text) referenced from startup_stm32l475xx.o(RESET)
 <LI><a href="#[38]">TIM1_TRG_COM_TIM17_IRQHandler</a> from startup_stm32l475xx.o(.text) referenced from startup_stm32l475xx.o(RESET)
 <LI><a href="#[37]">TIM1_UP_TIM16_IRQHandler</a> from startup_stm32l475xx.o(.text) referenced from startup_stm32l475xx.o(RESET)
 <LI><a href="#[3a]">TIM2_IRQHandler</a> from startup_stm32l475xx.o(.text) referenced from startup_stm32l475xx.o(RESET)
 <LI><a href="#[3b]">TIM3_IRQHandler</a> from startup_stm32l475xx.o(.text) referenced from startup_stm32l475xx.o(RESET)
 <LI><a href="#[3c]">TIM4_IRQHandler</a> from startup_stm32l475xx.o(.text) referenced from startup_stm32l475xx.o(RESET)
 <LI><a href="#[50]">TIM5_IRQHandler</a> from startup_stm32l475xx.o(.text) referenced from startup_stm32l475xx.o(RESET)
 <LI><a href="#[54]">TIM6_DAC_IRQHandler</a> from startup_stm32l475xx.o(.text) referenced from startup_stm32l475xx.o(RESET)
 <LI><a href="#[55]">TIM7_IRQHandler</a> from startup_stm32l475xx.o(.text) referenced from startup_stm32l475xx.o(RESET)
 <LI><a href="#[49]">TIM8_BRK_IRQHandler</a> from startup_stm32l475xx.o(.text) referenced from startup_stm32l475xx.o(RESET)
 <LI><a href="#[4c]">TIM8_CC_IRQHandler</a> from startup_stm32l475xx.o(.text) referenced from startup_stm32l475xx.o(RESET)
 <LI><a href="#[4b]">TIM8_TRG_COM_IRQHandler</a> from startup_stm32l475xx.o(.text) referenced from startup_stm32l475xx.o(RESET)
 <LI><a href="#[4a]">TIM8_UP_IRQHandler</a> from startup_stm32l475xx.o(.text) referenced from startup_stm32l475xx.o(RESET)
 <LI><a href="#[6b]">TSC_IRQHandler</a> from startup_stm32l475xx.o(.text) referenced from startup_stm32l475xx.o(RESET)
 <LI><a href="#[52]">UART4_IRQHandler</a> from startup_stm32l475xx.o(.text) referenced from startup_stm32l475xx.o(RESET)
 <LI><a href="#[53]">UART5_IRQHandler</a> from startup_stm32l475xx.o(.text) referenced from startup_stm32l475xx.o(RESET)
 <LI><a href="#[43]">USART1_IRQHandler</a> from probe_rs232c.o(i.USART1_IRQHandler) referenced from startup_stm32l475xx.o(RESET)
 <LI><a href="#[44]">USART2_IRQHandler</a> from startup_stm32l475xx.o(.text) referenced from startup_stm32l475xx.o(RESET)
 <LI><a href="#[45]">USART3_IRQHandler</a> from startup_stm32l475xx.o(.text) referenced from startup_stm32l475xx.o(RESET)
 <LI><a href="#[19]">UsageFault_Handler</a> from stm32l4xx_it.o(i.UsageFault_Handler) referenced from startup_stm32l475xx.o(RESET)
 <LI><a href="#[1e]">WWDG_IRQHandler</a> from startup_stm32l475xx.o(.text) referenced from startup_stm32l475xx.o(RESET)
 <LI><a href="#[70]">__main</a> from entry.o(.ARM.Collect$$$$00000000) referenced from startup_stm32l475xx.o(.text)
 <LI><a href="#[6e]">main</a> from main.o(i.main) referenced from entry9a.o(.ARM.Collect$$$$0000000B)
</UL>
<P>
<H3>
Global Symbols
</H3>
<P><STRONG><a name="[70]"></a>__main</STRONG> (Thumb, 0 bytes, Stack size unknown bytes, entry.o(.ARM.Collect$$$$00000000))
<BR>[Address Reference Count : 1]<UL><LI> startup_stm32l475xx.o(.text)
</UL>
<P><STRONG><a name="[e5]"></a>_main_stk</STRONG> (Thumb, 0 bytes, Stack size unknown bytes, entry2.o(.ARM.Collect$$$$00000001))

<P><STRONG><a name="[71]"></a>_main_scatterload</STRONG> (Thumb, 0 bytes, Stack size unknown bytes, entry5.o(.ARM.Collect$$$$00000004))
<BR><BR>[Calls]<UL><LI><a href="#[72]">&gt;&gt;</a>&nbsp;&nbsp;&nbsp;__scatterload
</UL>

<P><STRONG><a name="[76]"></a>__main_after_scatterload</STRONG> (Thumb, 0 bytes, Stack size unknown bytes, entry5.o(.ARM.Collect$$$$00000004))
<BR><BR>[Called By]<UL><LI><a href="#[72]">&gt;&gt;</a>&nbsp;&nbsp;&nbsp;__scatterload
</UL>

<P><STRONG><a name="[e6]"></a>_main_clock</STRONG> (Thumb, 0 bytes, Stack size unknown bytes, entry7b.o(.ARM.Collect$$$$00000008))

<P><STRONG><a name="[e7]"></a>_main_cpp_init</STRONG> (Thumb, 0 bytes, Stack size unknown bytes, entry8b.o(.ARM.Collect$$$$0000000A))

<P><STRONG><a name="[e8]"></a>_main_init</STRONG> (Thumb, 0 bytes, Stack size unknown bytes, entry9a.o(.ARM.Collect$$$$0000000B))

<P><STRONG><a name="[e9]"></a>__rt_final_cpp</STRONG> (Thumb, 0 bytes, Stack size unknown bytes, entry10a.o(.ARM.Collect$$$$0000000D))

<P><STRONG><a name="[ea]"></a>__rt_final_exit</STRONG> (Thumb, 0 bytes, Stack size unknown bytes, entry11a.o(.ARM.Collect$$$$0000000F))

<P><STRONG><a name="[14]"></a>Reset_Handler</STRONG> (Thumb, 8 bytes, Stack size 0 bytes, startup_stm32l475xx.o(.text))
<BR>[Address Reference Count : 1]<UL><LI> startup_stm32l475xx.o(RESET)
</UL>
<P><STRONG><a name="[30]"></a>ADC1_2_IRQHandler</STRONG> (Thumb, 0 bytes, Stack size 0 bytes, startup_stm32l475xx.o(.text))
<BR><BR>[Calls]<UL><LI><a href="#[30]">&gt;&gt;</a>&nbsp;&nbsp;&nbsp;ADC1_2_IRQHandler
</UL>
<BR>[Called By]<UL><LI><a href="#[30]">&gt;&gt;</a>&nbsp;&nbsp;&nbsp;ADC1_2_IRQHandler
</UL>
<BR>[Address Reference Count : 1]<UL><LI> startup_stm32l475xx.o(RESET)
</UL>
<P><STRONG><a name="[4d]"></a>ADC3_IRQHandler</STRONG> (Thumb, 0 bytes, Stack size 0 bytes, startup_stm32l475xx.o(.text))
<BR>[Address Reference Count : 1]<UL><LI> startup_stm32l475xx.o(RESET)
</UL>
<P><STRONG><a name="[32]"></a>CAN1_RX0_IRQHandler</STRONG> (Thumb, 0 bytes, Stack size 0 bytes, startup_stm32l475xx.o(.text))
<BR>[Address Reference Count : 1]<UL><LI> startup_stm32l475xx.o(RESET)
</UL>
<P><STRONG><a name="[33]"></a>CAN1_RX1_IRQHandler</STRONG> (Thumb, 0 bytes, Stack size 0 bytes, startup_stm32l475xx.o(.text))
<BR>[Address Reference Count : 1]<UL><LI> startup_stm32l475xx.o(RESET)
</UL>
<P><STRONG><a name="[34]"></a>CAN1_SCE_IRQHandler</STRONG> (Thumb, 0 bytes, Stack size 0 bytes, startup_stm32l475xx.o(.text))
<BR>[Address Reference Count : 1]<UL><LI> startup_stm32l475xx.o(RESET)
</UL>
<P><STRONG><a name="[31]"></a>CAN1_TX_IRQHandler</STRONG> (Thumb, 0 bytes, Stack size 0 bytes, startup_stm32l475xx.o(.text))
<BR>[Address Reference Count : 1]<UL><LI> startup_stm32l475xx.o(RESET)
</UL>
<P><STRONG><a name="[5e]"></a>COMP_IRQHandler</STRONG> (Thumb, 0 bytes, Stack size 0 bytes, startup_stm32l475xx.o(.text))
<BR>[Address Reference Count : 1]<UL><LI> startup_stm32l475xx.o(RESET)
</UL>
<P><STRONG><a name="[5b]"></a>DFSDM1_FLT0_IRQHandler</STRONG> (Thumb, 0 bytes, Stack size 0 bytes, startup_stm32l475xx.o(.text))
<BR>[Address Reference Count : 1]<UL><LI> startup_stm32l475xx.o(RESET)
</UL>
<P><STRONG><a name="[5c]"></a>DFSDM1_FLT1_IRQHandler</STRONG> (Thumb, 0 bytes, Stack size 0 bytes, startup_stm32l475xx.o(.text))
<BR>[Address Reference Count : 1]<UL><LI> startup_stm32l475xx.o(RESET)
</UL>
<P><STRONG><a name="[5d]"></a>DFSDM1_FLT2_IRQHandler</STRONG> (Thumb, 0 bytes, Stack size 0 bytes, startup_stm32l475xx.o(.text))
<BR>[Address Reference Count : 1]<UL><LI> startup_stm32l475xx.o(RESET)
</UL>
<P><STRONG><a name="[48]"></a>DFSDM1_FLT3_IRQHandler</STRONG> (Thumb, 0 bytes, Stack size 0 bytes, startup_stm32l475xx.o(.text))
<BR>[Address Reference Count : 1]<UL><LI> startup_stm32l475xx.o(RESET)
</UL>
<P><STRONG><a name="[29]"></a>DMA1_Channel1_IRQHandler</STRONG> (Thumb, 0 bytes, Stack size 0 bytes, startup_stm32l475xx.o(.text))
<BR>[Address Reference Count : 1]<UL><LI> startup_stm32l475xx.o(RESET)
</UL>
<P><STRONG><a name="[2a]"></a>DMA1_Channel2_IRQHandler</STRONG> (Thumb, 0 bytes, Stack size 0 bytes, startup_stm32l475xx.o(.text))
<BR>[Address Reference Count : 1]<UL><LI> startup_stm32l475xx.o(RESET)
</UL>
<P><STRONG><a name="[2b]"></a>DMA1_Channel3_IRQHandler</STRONG> (Thumb, 0 bytes, Stack size 0 bytes, startup_stm32l475xx.o(.text))
<BR>[Address Reference Count : 1]<UL><LI> startup_stm32l475xx.o(RESET)
</UL>
<P><STRONG><a name="[2c]"></a>DMA1_Channel4_IRQHandler</STRONG> (Thumb, 0 bytes, Stack size 0 bytes, startup_stm32l475xx.o(.text))
<BR>[Address Reference Count : 1]<UL><LI> startup_stm32l475xx.o(RESET)
</UL>
<P><STRONG><a name="[2d]"></a>DMA1_Channel5_IRQHandler</STRONG> (Thumb, 0 bytes, Stack size 0 bytes, startup_stm32l475xx.o(.text))
<BR>[Address Reference Count : 1]<UL><LI> startup_stm32l475xx.o(RESET)
</UL>
<P><STRONG><a name="[2e]"></a>DMA1_Channel6_IRQHandler</STRONG> (Thumb, 0 bytes, Stack size 0 bytes, startup_stm32l475xx.o(.text))
<BR>[Address Reference Count : 1]<UL><LI> startup_stm32l475xx.o(RESET)
</UL>
<P><STRONG><a name="[2f]"></a>DMA1_Channel7_IRQHandler</STRONG> (Thumb, 0 bytes, Stack size 0 bytes, startup_stm32l475xx.o(.text))
<BR>[Address Reference Count : 1]<UL><LI> startup_stm32l475xx.o(RESET)
</UL>
<P><STRONG><a name="[56]"></a>DMA2_Channel1_IRQHandler</STRONG> (Thumb, 0 bytes, Stack size 0 bytes, startup_stm32l475xx.o(.text))
<BR>[Address Reference Count : 1]<UL><LI> startup_stm32l475xx.o(RESET)
</UL>
<P><STRONG><a name="[57]"></a>DMA2_Channel2_IRQHandler</STRONG> (Thumb, 0 bytes, Stack size 0 bytes, startup_stm32l475xx.o(.text))
<BR>[Address Reference Count : 1]<UL><LI> startup_stm32l475xx.o(RESET)
</UL>
<P><STRONG><a name="[58]"></a>DMA2_Channel3_IRQHandler</STRONG> (Thumb, 0 bytes, Stack size 0 bytes, startup_stm32l475xx.o(.text))
<BR>[Address Reference Count : 1]<UL><LI> startup_stm32l475xx.o(RESET)
</UL>
<P><STRONG><a name="[59]"></a>DMA2_Channel4_IRQHandler</STRONG> (Thumb, 0 bytes, Stack size 0 bytes, startup_stm32l475xx.o(.text))
<BR>[Address Reference Count : 1]<UL><LI> startup_stm32l475xx.o(RESET)
</UL>
<P><STRONG><a name="[5a]"></a>DMA2_Channel5_IRQHandler</STRONG> (Thumb, 0 bytes, Stack size 0 bytes, startup_stm32l475xx.o(.text))
<BR>[Address Reference Count : 1]<UL><LI> startup_stm32l475xx.o(RESET)
</UL>
<P><STRONG><a name="[62]"></a>DMA2_Channel6_IRQHandler</STRONG> (Thumb, 0 bytes, Stack size 0 bytes, startup_stm32l475xx.o(.text))
<BR>[Address Reference Count : 1]<UL><LI> startup_stm32l475xx.o(RESET)
</UL>
<P><STRONG><a name="[63]"></a>DMA2_Channel7_IRQHandler</STRONG> (Thumb, 0 bytes, Stack size 0 bytes, startup_stm32l475xx.o(.text))
<BR>[Address Reference Count : 1]<UL><LI> startup_stm32l475xx.o(RESET)
</UL>
<P><STRONG><a name="[24]"></a>EXTI0_IRQHandler</STRONG> (Thumb, 0 bytes, Stack size 0 bytes, startup_stm32l475xx.o(.text))
<BR>[Address Reference Count : 1]<UL><LI> startup_stm32l475xx.o(RESET)
</UL>
<P><STRONG><a name="[46]"></a>EXTI15_10_IRQHandler</STRONG> (Thumb, 0 bytes, Stack size 0 bytes, startup_stm32l475xx.o(.text))
<BR>[Address Reference Count : 1]<UL><LI> startup_stm32l475xx.o(RESET)
</UL>
<P><STRONG><a name="[25]"></a>EXTI1_IRQHandler</STRONG> (Thumb, 0 bytes, Stack size 0 bytes, startup_stm32l475xx.o(.text))
<BR>[Address Reference Count : 1]<UL><LI> startup_stm32l475xx.o(RESET)
</UL>
<P><STRONG><a name="[26]"></a>EXTI2_IRQHandler</STRONG> (Thumb, 0 bytes, Stack size 0 bytes, startup_stm32l475xx.o(.text))
<BR>[Address Reference Count : 1]<UL><LI> startup_stm32l475xx.o(RESET)
</UL>
<P><STRONG><a name="[27]"></a>EXTI3_IRQHandler</STRONG> (Thumb, 0 bytes, Stack size 0 bytes, startup_stm32l475xx.o(.text))
<BR>[Address Reference Count : 1]<UL><LI> startup_stm32l475xx.o(RESET)
</UL>
<P><STRONG><a name="[28]"></a>EXTI4_IRQHandler</STRONG> (Thumb, 0 bytes, Stack size 0 bytes, startup_stm32l475xx.o(.text))
<BR>[Address Reference Count : 1]<UL><LI> startup_stm32l475xx.o(RESET)
</UL>
<P><STRONG><a name="[35]"></a>EXTI9_5_IRQHandler</STRONG> (Thumb, 0 bytes, Stack size 0 bytes, startup_stm32l475xx.o(.text))
<BR>[Address Reference Count : 1]<UL><LI> startup_stm32l475xx.o(RESET)
</UL>
<P><STRONG><a name="[22]"></a>FLASH_IRQHandler</STRONG> (Thumb, 0 bytes, Stack size 0 bytes, startup_stm32l475xx.o(.text))
<BR>[Address Reference Count : 1]<UL><LI> startup_stm32l475xx.o(RESET)
</UL>
<P><STRONG><a name="[4e]"></a>FMC_IRQHandler</STRONG> (Thumb, 0 bytes, Stack size 0 bytes, startup_stm32l475xx.o(.text))
<BR>[Address Reference Count : 1]<UL><LI> startup_stm32l475xx.o(RESET)
</UL>
<P><STRONG><a name="[6d]"></a>FPU_IRQHandler</STRONG> (Thumb, 0 bytes, Stack size 0 bytes, startup_stm32l475xx.o(.text))
<BR>[Address Reference Count : 1]<UL><LI> startup_stm32l475xx.o(RESET)
</UL>
<P><STRONG><a name="[3e]"></a>I2C1_ER_IRQHandler</STRONG> (Thumb, 0 bytes, Stack size 0 bytes, startup_stm32l475xx.o(.text))
<BR>[Address Reference Count : 1]<UL><LI> startup_stm32l475xx.o(RESET)
</UL>
<P><STRONG><a name="[3d]"></a>I2C1_EV_IRQHandler</STRONG> (Thumb, 0 bytes, Stack size 0 bytes, startup_stm32l475xx.o(.text))
<BR>[Address Reference Count : 1]<UL><LI> startup_stm32l475xx.o(RESET)
</UL>
<P><STRONG><a name="[40]"></a>I2C2_ER_IRQHandler</STRONG> (Thumb, 0 bytes, Stack size 0 bytes, startup_stm32l475xx.o(.text))
<BR>[Address Reference Count : 1]<UL><LI> startup_stm32l475xx.o(RESET)
</UL>
<P><STRONG><a name="[3f]"></a>I2C2_EV_IRQHandler</STRONG> (Thumb, 0 bytes, Stack size 0 bytes, startup_stm32l475xx.o(.text))
<BR>[Address Reference Count : 1]<UL><LI> startup_stm32l475xx.o(RESET)
</UL>
<P><STRONG><a name="[67]"></a>I2C3_ER_IRQHandler</STRONG> (Thumb, 0 bytes, Stack size 0 bytes, startup_stm32l475xx.o(.text))
<BR>[Address Reference Count : 1]<UL><LI> startup_stm32l475xx.o(RESET)
</UL>
<P><STRONG><a name="[66]"></a>I2C3_EV_IRQHandler</STRONG> (Thumb, 0 bytes, Stack size 0 bytes, startup_stm32l475xx.o(.text))
<BR>[Address Reference Count : 1]<UL><LI> startup_stm32l475xx.o(RESET)
</UL>
<P><STRONG><a name="[5f]"></a>LPTIM1_IRQHandler</STRONG> (Thumb, 0 bytes, Stack size 0 bytes, startup_stm32l475xx.o(.text))
<BR>[Address Reference Count : 1]<UL><LI> startup_stm32l475xx.o(RESET)
</UL>
<P><STRONG><a name="[60]"></a>LPTIM2_IRQHandler</STRONG> (Thumb, 0 bytes, Stack size 0 bytes, startup_stm32l475xx.o(.text))
<BR>[Address Reference Count : 1]<UL><LI> startup_stm32l475xx.o(RESET)
</UL>
<P><STRONG><a name="[64]"></a>LPUART1_IRQHandler</STRONG> (Thumb, 0 bytes, Stack size 0 bytes, startup_stm32l475xx.o(.text))
<BR>[Address Reference Count : 1]<UL><LI> startup_stm32l475xx.o(RESET)
</UL>
<P><STRONG><a name="[61]"></a>OTG_FS_IRQHandler</STRONG> (Thumb, 0 bytes, Stack size 0 bytes, startup_stm32l475xx.o(.text))
<BR>[Address Reference Count : 1]<UL><LI> startup_stm32l475xx.o(RESET)
</UL>
<P><STRONG><a name="[1f]"></a>PVD_PVM_IRQHandler</STRONG> (Thumb, 0 bytes, Stack size 0 bytes, startup_stm32l475xx.o(.text))
<BR>[Address Reference Count : 1]<UL><LI> startup_stm32l475xx.o(RESET)
</UL>
<P><STRONG><a name="[65]"></a>QUADSPI_IRQHandler</STRONG> (Thumb, 0 bytes, Stack size 0 bytes, startup_stm32l475xx.o(.text))
<BR>[Address Reference Count : 1]<UL><LI> startup_stm32l475xx.o(RESET)
</UL>
<P><STRONG><a name="[23]"></a>RCC_IRQHandler</STRONG> (Thumb, 0 bytes, Stack size 0 bytes, startup_stm32l475xx.o(.text))
<BR>[Address Reference Count : 1]<UL><LI> startup_stm32l475xx.o(RESET)
</UL>
<P><STRONG><a name="[6c]"></a>RNG_IRQHandler</STRONG> (Thumb, 0 bytes, Stack size 0 bytes, startup_stm32l475xx.o(.text))
<BR>[Address Reference Count : 1]<UL><LI> startup_stm32l475xx.o(RESET)
</UL>
<P><STRONG><a name="[47]"></a>RTC_Alarm_IRQHandler</STRONG> (Thumb, 0 bytes, Stack size 0 bytes, startup_stm32l475xx.o(.text))
<BR>[Address Reference Count : 1]<UL><LI> startup_stm32l475xx.o(RESET)
</UL>
<P><STRONG><a name="[21]"></a>RTC_WKUP_IRQHandler</STRONG> (Thumb, 0 bytes, Stack size 0 bytes, startup_stm32l475xx.o(.text))
<BR>[Address Reference Count : 1]<UL><LI> startup_stm32l475xx.o(RESET)
</UL>
<P><STRONG><a name="[68]"></a>SAI1_IRQHandler</STRONG> (Thumb, 0 bytes, Stack size 0 bytes, startup_stm32l475xx.o(.text))
<BR>[Address Reference Count : 1]<UL><LI> startup_stm32l475xx.o(RESET)
</UL>
<P><STRONG><a name="[69]"></a>SAI2_IRQHandler</STRONG> (Thumb, 0 bytes, Stack size 0 bytes, startup_stm32l475xx.o(.text))
<BR>[Address Reference Count : 1]<UL><LI> startup_stm32l475xx.o(RESET)
</UL>
<P><STRONG><a name="[4f]"></a>SDMMC1_IRQHandler</STRONG> (Thumb, 0 bytes, Stack size 0 bytes, startup_stm32l475xx.o(.text))
<BR>[Address Reference Count : 1]<UL><LI> startup_stm32l475xx.o(RESET)
</UL>
<P><STRONG><a name="[41]"></a>SPI1_IRQHandler</STRONG> (Thumb, 0 bytes, Stack size 0 bytes, startup_stm32l475xx.o(.text))
<BR>[Address Reference Count : 1]<UL><LI> startup_stm32l475xx.o(RESET)
</UL>
<P><STRONG><a name="[42]"></a>SPI2_IRQHandler</STRONG> (Thumb, 0 bytes, Stack size 0 bytes, startup_stm32l475xx.o(.text))
<BR>[Address Reference Count : 1]<UL><LI> startup_stm32l475xx.o(RESET)
</UL>
<P><STRONG><a name="[51]"></a>SPI3_IRQHandler</STRONG> (Thumb, 0 bytes, Stack size 0 bytes, startup_stm32l475xx.o(.text))
<BR>[Address Reference Count : 1]<UL><LI> startup_stm32l475xx.o(RESET)
</UL>
<P><STRONG><a name="[6a]"></a>SWPMI1_IRQHandler</STRONG> (Thumb, 0 bytes, Stack size 0 bytes, startup_stm32l475xx.o(.text))
<BR>[Address Reference Count : 1]<UL><LI> startup_stm32l475xx.o(RESET)
</UL>
<P><STRONG><a name="[20]"></a>TAMP_STAMP_IRQHandler</STRONG> (Thumb, 0 bytes, Stack size 0 bytes, startup_stm32l475xx.o(.text))
<BR>[Address Reference Count : 1]<UL><LI> startup_stm32l475xx.o(RESET)
</UL>
<P><STRONG><a name="[36]"></a>TIM1_BRK_TIM15_IRQHandler</STRONG> (Thumb, 0 bytes, Stack size 0 bytes, startup_stm32l475xx.o(.text))
<BR>[Address Reference Count : 1]<UL><LI> startup_stm32l475xx.o(RESET)
</UL>
<P><STRONG><a name="[39]"></a>TIM1_CC_IRQHandler</STRONG> (Thumb, 0 bytes, Stack size 0 bytes, startup_stm32l475xx.o(.text))
<BR>[Address Reference Count : 1]<UL><LI> startup_stm32l475xx.o(RESET)
</UL>
<P><STRONG><a name="[38]"></a>TIM1_TRG_COM_TIM17_IRQHandler</STRONG> (Thumb, 0 bytes, Stack size 0 bytes, startup_stm32l475xx.o(.text))
<BR>[Address Reference Count : 1]<UL><LI> startup_stm32l475xx.o(RESET)
</UL>
<P><STRONG><a name="[37]"></a>TIM1_UP_TIM16_IRQHandler</STRONG> (Thumb, 0 bytes, Stack size 0 bytes, startup_stm32l475xx.o(.text))
<BR>[Address Reference Count : 1]<UL><LI> startup_stm32l475xx.o(RESET)
</UL>
<P><STRONG><a name="[3a]"></a>TIM2_IRQHandler</STRONG> (Thumb, 0 bytes, Stack size 0 bytes, startup_stm32l475xx.o(.text))
<BR>[Address Reference Count : 1]<UL><LI> startup_stm32l475xx.o(RESET)
</UL>
<P><STRONG><a name="[3b]"></a>TIM3_IRQHandler</STRONG> (Thumb, 0 bytes, Stack size 0 bytes, startup_stm32l475xx.o(.text))
<BR>[Address Reference Count : 1]<UL><LI> startup_stm32l475xx.o(RESET)
</UL>
<P><STRONG><a name="[3c]"></a>TIM4_IRQHandler</STRONG> (Thumb, 0 bytes, Stack size 0 bytes, startup_stm32l475xx.o(.text))
<BR>[Address Reference Count : 1]<UL><LI> startup_stm32l475xx.o(RESET)
</UL>
<P><STRONG><a name="[50]"></a>TIM5_IRQHandler</STRONG> (Thumb, 0 bytes, Stack size 0 bytes, startup_stm32l475xx.o(.text))
<BR>[Address Reference Count : 1]<UL><LI> startup_stm32l475xx.o(RESET)
</UL>
<P><STRONG><a name="[54]"></a>TIM6_DAC_IRQHandler</STRONG> (Thumb, 0 bytes, Stack size 0 bytes, startup_stm32l475xx.o(.text))
<BR>[Address Reference Count : 1]<UL><LI> startup_stm32l475xx.o(RESET)
</UL>
<P><STRONG><a name="[55]"></a>TIM7_IRQHandler</STRONG> (Thumb, 0 bytes, Stack size 0 bytes, startup_stm32l475xx.o(.text))
<BR>[Address Reference Count : 1]<UL><LI> startup_stm32l475xx.o(RESET)
</UL>
<P><STRONG><a name="[49]"></a>TIM8_BRK_IRQHandler</STRONG> (Thumb, 0 bytes, Stack size 0 bytes, startup_stm32l475xx.o(.text))
<BR>[Address Reference Count : 1]<UL><LI> startup_stm32l475xx.o(RESET)
</UL>
<P><STRONG><a name="[4c]"></a>TIM8_CC_IRQHandler</STRONG> (Thumb, 0 bytes, Stack size 0 bytes, startup_stm32l475xx.o(.text))
<BR>[Address Reference Count : 1]<UL><LI> startup_stm32l475xx.o(RESET)
</UL>
<P><STRONG><a name="[4b]"></a>TIM8_TRG_COM_IRQHandler</STRONG> (Thumb, 0 bytes, Stack size 0 bytes, startup_stm32l475xx.o(.text))
<BR>[Address Reference Count : 1]<UL><LI> startup_stm32l475xx.o(RESET)
</UL>
<P><STRONG><a name="[4a]"></a>TIM8_UP_IRQHandler</STRONG> (Thumb, 0 bytes, Stack size 0 bytes, startup_stm32l475xx.o(.text))
<BR>[Address Reference Count : 1]<UL><LI> startup_stm32l475xx.o(RESET)
</UL>
<P><STRONG><a name="[6b]"></a>TSC_IRQHandler</STRONG> (Thumb, 0 bytes, Stack size 0 bytes, startup_stm32l475xx.o(.text))
<BR>[Address Reference Count : 1]<UL><LI> startup_stm32l475xx.o(RESET)
</UL>
<P><STRONG><a name="[52]"></a>UART4_IRQHandler</STRONG> (Thumb, 0 bytes, Stack size 0 bytes, startup_stm32l475xx.o(.text))
<BR>[Address Reference Count : 1]<UL><LI> startup_stm32l475xx.o(RESET)
</UL>
<P><STRONG><a name="[53]"></a>UART5_IRQHandler</STRONG> (Thumb, 0 bytes, Stack size 0 bytes, startup_stm32l475xx.o(.text))
<BR>[Address Reference Count : 1]<UL><LI> startup_stm32l475xx.o(RESET)
</UL>
<P><STRONG><a name="[44]"></a>USART2_IRQHandler</STRONG> (Thumb, 0 bytes, Stack size 0 bytes, startup_stm32l475xx.o(.text))
<BR>[Address Reference Count : 1]<UL><LI> startup_stm32l475xx.o(RESET)
</UL>
<P><STRONG><a name="[45]"></a>USART3_IRQHandler</STRONG> (Thumb, 0 bytes, Stack size 0 bytes, startup_stm32l475xx.o(.text))
<BR>[Address Reference Count : 1]<UL><LI> startup_stm32l475xx.o(RESET)
</UL>
<P><STRONG><a name="[1e]"></a>WWDG_IRQHandler</STRONG> (Thumb, 0 bytes, Stack size 0 bytes, startup_stm32l475xx.o(.text))
<BR>[Address Reference Count : 1]<UL><LI> startup_stm32l475xx.o(RESET)
</UL>
<P><STRONG><a name="[eb]"></a>CPU_IntDis</STRONG> (Thumb, 0 bytes, Stack size unknown bytes, cpu_a.o(.text), UNUSED)

<P><STRONG><a name="[ec]"></a>CPU_IntEn</STRONG> (Thumb, 0 bytes, Stack size unknown bytes, cpu_a.o(.text), UNUSED)

<P><STRONG><a name="[b2]"></a>CPU_SR_Save</STRONG> (Thumb, 0 bytes, Stack size unknown bytes, cpu_a.o(.text))
<BR><BR>[Called By]<UL><LI><a href="#[c8]">&gt;&gt;</a>&nbsp;&nbsp;&nbsp;ProbeCom_TerminalOutAvail
<LI><a href="#[c9]">&gt;&gt;</a>&nbsp;&nbsp;&nbsp;ProbeCom_TerminalExecDone
<LI><a href="#[bf]">&gt;&gt;</a>&nbsp;&nbsp;&nbsp;ProbeCom_ReqWrMulti
<LI><a href="#[be]">&gt;&gt;</a>&nbsp;&nbsp;&nbsp;ProbeCom_ReqWr
<LI><a href="#[c4]">&gt;&gt;</a>&nbsp;&nbsp;&nbsp;ProbeCom_ReqTerminalOut
<LI><a href="#[c3]">&gt;&gt;</a>&nbsp;&nbsp;&nbsp;ProbeCom_ReqTerminalIn
<LI><a href="#[c2]">&gt;&gt;</a>&nbsp;&nbsp;&nbsp;ProbeCom_ReqTerminalExec
<LI><a href="#[b6]">&gt;&gt;</a>&nbsp;&nbsp;&nbsp;ProbeCom_BufWr
<LI><a href="#[b4]">&gt;&gt;</a>&nbsp;&nbsp;&nbsp;ProbeCom_BufRd
<LI><a href="#[b1]">&gt;&gt;</a>&nbsp;&nbsp;&nbsp;ProbeCom_BufIsEmpty
<LI><a href="#[d2]">&gt;&gt;</a>&nbsp;&nbsp;&nbsp;ProbeRS232_RxPkt
</UL>

<P><STRONG><a name="[b3]"></a>CPU_SR_Restore</STRONG> (Thumb, 0 bytes, Stack size unknown bytes, cpu_a.o(.text))
<BR><BR>[Called By]<UL><LI><a href="#[c8]">&gt;&gt;</a>&nbsp;&nbsp;&nbsp;ProbeCom_TerminalOutAvail
<LI><a href="#[c9]">&gt;&gt;</a>&nbsp;&nbsp;&nbsp;ProbeCom_TerminalExecDone
<LI><a href="#[bf]">&gt;&gt;</a>&nbsp;&nbsp;&nbsp;ProbeCom_ReqWrMulti
<LI><a href="#[be]">&gt;&gt;</a>&nbsp;&nbsp;&nbsp;ProbeCom_ReqWr
<LI><a href="#[c4]">&gt;&gt;</a>&nbsp;&nbsp;&nbsp;ProbeCom_ReqTerminalOut
<LI><a href="#[c3]">&gt;&gt;</a>&nbsp;&nbsp;&nbsp;ProbeCom_ReqTerminalIn
<LI><a href="#[c2]">&gt;&gt;</a>&nbsp;&nbsp;&nbsp;ProbeCom_ReqTerminalExec
<LI><a href="#[b6]">&gt;&gt;</a>&nbsp;&nbsp;&nbsp;ProbeCom_BufWr
<LI><a href="#[b4]">&gt;&gt;</a>&nbsp;&nbsp;&nbsp;ProbeCom_BufRd
<LI><a href="#[b1]">&gt;&gt;</a>&nbsp;&nbsp;&nbsp;ProbeCom_BufIsEmpty
<LI><a href="#[d2]">&gt;&gt;</a>&nbsp;&nbsp;&nbsp;ProbeRS232_RxPkt
</UL>

<P><STRONG><a name="[ed]"></a>CPU_WaitForInt</STRONG> (Thumb, 0 bytes, Stack size unknown bytes, cpu_a.o(.text), UNUSED)

<P><STRONG><a name="[ee]"></a>CPU_WaitForExcept</STRONG> (Thumb, 0 bytes, Stack size unknown bytes, cpu_a.o(.text), UNUSED)

<P><STRONG><a name="[ef]"></a>CPU_CntLeadZeros</STRONG> (Thumb, 0 bytes, Stack size unknown bytes, cpu_a.o(.text), UNUSED)

<P><STRONG><a name="[f0]"></a>CPU_CntTrailZeros</STRONG> (Thumb, 0 bytes, Stack size unknown bytes, cpu_a.o(.text), UNUSED)

<P><STRONG><a name="[f1]"></a>CPU_RevBits</STRONG> (Thumb, 0 bytes, Stack size unknown bytes, cpu_a.o(.text), UNUSED)

<P><STRONG><a name="[b5]"></a>Mem_Copy</STRONG> (Thumb, 0 bytes, Stack size unknown bytes, lib_mem_a.o(.text))
<BR><BR>[Called By]<UL><LI><a href="#[bf]">&gt;&gt;</a>&nbsp;&nbsp;&nbsp;ProbeCom_ReqWrMulti
<LI><a href="#[be]">&gt;&gt;</a>&nbsp;&nbsp;&nbsp;ProbeCom_ReqWr
<LI><a href="#[c4]">&gt;&gt;</a>&nbsp;&nbsp;&nbsp;ProbeCom_ReqTerminalOut
<LI><a href="#[bd]">&gt;&gt;</a>&nbsp;&nbsp;&nbsp;ProbeCom_ReqRdMulti
<LI><a href="#[bc]">&gt;&gt;</a>&nbsp;&nbsp;&nbsp;ProbeCom_ReqRd
<LI><a href="#[bb]">&gt;&gt;</a>&nbsp;&nbsp;&nbsp;ProbeCom_ReqQuery
<LI><a href="#[b6]">&gt;&gt;</a>&nbsp;&nbsp;&nbsp;ProbeCom_BufWr
<LI><a href="#[b4]">&gt;&gt;</a>&nbsp;&nbsp;&nbsp;ProbeCom_BufRd
</UL>

<P><STRONG><a name="[73]"></a>__aeabi_uldivmod</STRONG> (Thumb, 98 bytes, Stack size 40 bytes, uldiv.o(.text))
<BR><BR>[Stack]<UL><LI>Max Depth = 40<LI>Call Chain = __aeabi_uldivmod
</UL>
<BR>[Calls]<UL><LI><a href="#[74]">&gt;&gt;</a>&nbsp;&nbsp;&nbsp;__aeabi_llsr
<LI><a href="#[75]">&gt;&gt;</a>&nbsp;&nbsp;&nbsp;__aeabi_llsl
</UL>
<BR>[Called By]<UL><LI><a href="#[a2]">&gt;&gt;</a>&nbsp;&nbsp;&nbsp;UART_SetConfig
</UL>

<P><STRONG><a name="[75]"></a>__aeabi_llsl</STRONG> (Thumb, 30 bytes, Stack size 0 bytes, llshl.o(.text))
<BR><BR>[Called By]<UL><LI><a href="#[73]">&gt;&gt;</a>&nbsp;&nbsp;&nbsp;__aeabi_uldivmod
</UL>

<P><STRONG><a name="[f2]"></a>_ll_shift_l</STRONG> (Thumb, 0 bytes, Stack size 0 bytes, llshl.o(.text), UNUSED)

<P><STRONG><a name="[74]"></a>__aeabi_llsr</STRONG> (Thumb, 32 bytes, Stack size 0 bytes, llushr.o(.text))
<BR><BR>[Called By]<UL><LI><a href="#[73]">&gt;&gt;</a>&nbsp;&nbsp;&nbsp;__aeabi_uldivmod
</UL>

<P><STRONG><a name="[f3]"></a>_ll_ushift_r</STRONG> (Thumb, 0 bytes, Stack size 0 bytes, llushr.o(.text), UNUSED)

<P><STRONG><a name="[72]"></a>__scatterload</STRONG> (Thumb, 28 bytes, Stack size 0 bytes, init.o(.text))
<BR><BR>[Calls]<UL><LI><a href="#[76]">&gt;&gt;</a>&nbsp;&nbsp;&nbsp;__main_after_scatterload
</UL>
<BR>[Called By]<UL><LI><a href="#[71]">&gt;&gt;</a>&nbsp;&nbsp;&nbsp;_main_scatterload
</UL>

<P><STRONG><a name="[f4]"></a>__scatterload_rt2</STRONG> (Thumb, 0 bytes, Stack size 0 bytes, init.o(.text), UNUSED)

<P><STRONG><a name="[f5]"></a>__decompress</STRONG> (Thumb, 0 bytes, Stack size unknown bytes, __dczerorl2.o(.text), UNUSED)

<P><STRONG><a name="[f6]"></a>__decompress1</STRONG> (Thumb, 86 bytes, Stack size unknown bytes, __dczerorl2.o(.text), UNUSED)

<P><STRONG><a name="[e4]"></a>BSP_ACCELERO_AccGetXYZ</STRONG> (Thumb, 30 bytes, Stack size 8 bytes, stm32l475e_iot01_accelero.o(i.BSP_ACCELERO_AccGetXYZ))
<BR><BR>[Stack]<UL><LI>Max Depth = 8<LI>Call Chain = BSP_ACCELERO_AccGetXYZ
</UL>
<BR>[Called By]<UL><LI><a href="#[6e]">&gt;&gt;</a>&nbsp;&nbsp;&nbsp;main
</UL>

<P><STRONG><a name="[e0]"></a>BSP_ACCELERO_Init</STRONG> (Thumb, 96 bytes, Stack size 24 bytes, stm32l475e_iot01_accelero.o(i.BSP_ACCELERO_Init))
<BR><BR>[Stack]<UL><LI>Max Depth = 24<LI>Call Chain = BSP_ACCELERO_Init
</UL>
<BR>[Called By]<UL><LI><a href="#[6e]">&gt;&gt;</a>&nbsp;&nbsp;&nbsp;main
</UL>

<P><STRONG><a name="[77]"></a>BSP_COM_DeInit</STRONG> (Thumb, 40 bytes, Stack size 16 bytes, stm32l475e_iot01.o(i.BSP_COM_DeInit))
<BR><BR>[Stack]<UL><LI>Max Depth = 24<LI>Call Chain = BSP_COM_DeInit &rArr; HAL_UART_DeInit
</UL>
<BR>[Calls]<UL><LI><a href="#[78]">&gt;&gt;</a>&nbsp;&nbsp;&nbsp;HAL_UART_DeInit
</UL>
<BR>[Called By]<UL><LI><a href="#[cd]">&gt;&gt;</a>&nbsp;&nbsp;&nbsp;ProbeRS232_InitTarget
</UL>

<P><STRONG><a name="[79]"></a>BSP_COM_Init</STRONG> (Thumb, 198 bytes, Stack size 40 bytes, stm32l475e_iot01.o(i.BSP_COM_Init))
<BR><BR>[Stack]<UL><LI>Max Depth = 128<LI>Call Chain = BSP_COM_Init &rArr; HAL_UART_Init &rArr; UART_SetConfig &rArr; __aeabi_uldivmod
</UL>
<BR>[Calls]<UL><LI><a href="#[7b]">&gt;&gt;</a>&nbsp;&nbsp;&nbsp;HAL_UART_Init
<LI><a href="#[7a]">&gt;&gt;</a>&nbsp;&nbsp;&nbsp;HAL_GPIO_Init
</UL>
<BR>[Called By]<UL><LI><a href="#[cd]">&gt;&gt;</a>&nbsp;&nbsp;&nbsp;ProbeRS232_InitTarget
</UL>

<P><STRONG><a name="[df]"></a>BSP_HSENSOR_Init</STRONG> (Thumb, 40 bytes, Stack size 8 bytes, stm32l475e_iot01_hsensor.o(i.BSP_HSENSOR_Init))
<BR><BR>[Stack]<UL><LI>Max Depth = 8<LI>Call Chain = BSP_HSENSOR_Init
</UL>
<BR>[Called By]<UL><LI><a href="#[6e]">&gt;&gt;</a>&nbsp;&nbsp;&nbsp;main
</UL>

<P><STRONG><a name="[e2]"></a>BSP_HSENSOR_ReadHumidity</STRONG> (Thumb, 14 bytes, Stack size 8 bytes, stm32l475e_iot01_hsensor.o(i.BSP_HSENSOR_ReadHumidity))
<BR><BR>[Stack]<UL><LI>Max Depth = 8<LI>Call Chain = BSP_HSENSOR_ReadHumidity
</UL>
<BR>[Called By]<UL><LI><a href="#[6e]">&gt;&gt;</a>&nbsp;&nbsp;&nbsp;main
</UL>

<P><STRONG><a name="[7c]"></a>BSP_LED_Init</STRONG> (Thumb, 76 bytes, Stack size 32 bytes, stm32l475e_iot01.o(i.BSP_LED_Init))
<BR><BR>[Stack]<UL><LI>Max Depth = 52<LI>Call Chain = BSP_LED_Init &rArr; HAL_GPIO_Init
</UL>
<BR>[Calls]<UL><LI><a href="#[7a]">&gt;&gt;</a>&nbsp;&nbsp;&nbsp;HAL_GPIO_Init
</UL>
<BR>[Called By]<UL><LI><a href="#[6e]">&gt;&gt;</a>&nbsp;&nbsp;&nbsp;main
</UL>

<P><STRONG><a name="[7d]"></a>BSP_LED_On</STRONG> (Thumb, 26 bytes, Stack size 8 bytes, stm32l475e_iot01.o(i.BSP_LED_On))
<BR><BR>[Stack]<UL><LI>Max Depth = 8<LI>Call Chain = BSP_LED_On
</UL>
<BR>[Calls]<UL><LI><a href="#[7e]">&gt;&gt;</a>&nbsp;&nbsp;&nbsp;HAL_GPIO_WritePin
</UL>
<BR>[Called By]<UL><LI><a href="#[6e]">&gt;&gt;</a>&nbsp;&nbsp;&nbsp;main
</UL>

<P><STRONG><a name="[7f]"></a>BSP_PB_Init</STRONG> (Thumb, 138 bytes, Stack size 40 bytes, stm32l475e_iot01.o(i.BSP_PB_Init))
<BR><BR>[Stack]<UL><LI>Max Depth = 88<LI>Call Chain = BSP_PB_Init &rArr; HAL_NVIC_SetPriority &rArr; __NVIC_SetPriority
</UL>
<BR>[Calls]<UL><LI><a href="#[80]">&gt;&gt;</a>&nbsp;&nbsp;&nbsp;HAL_NVIC_SetPriority
<LI><a href="#[81]">&gt;&gt;</a>&nbsp;&nbsp;&nbsp;HAL_NVIC_EnableIRQ
<LI><a href="#[7a]">&gt;&gt;</a>&nbsp;&nbsp;&nbsp;HAL_GPIO_Init
</UL>
<BR>[Called By]<UL><LI><a href="#[6e]">&gt;&gt;</a>&nbsp;&nbsp;&nbsp;main
</UL>

<P><STRONG><a name="[de]"></a>BSP_PSENSOR_Init</STRONG> (Thumb, 40 bytes, Stack size 8 bytes, stm32l475e_iot01_psensor.o(i.BSP_PSENSOR_Init))
<BR><BR>[Stack]<UL><LI>Max Depth = 8<LI>Call Chain = BSP_PSENSOR_Init
</UL>
<BR>[Called By]<UL><LI><a href="#[6e]">&gt;&gt;</a>&nbsp;&nbsp;&nbsp;main
</UL>

<P><STRONG><a name="[e3]"></a>BSP_PSENSOR_ReadPressure</STRONG> (Thumb, 14 bytes, Stack size 8 bytes, stm32l475e_iot01_psensor.o(i.BSP_PSENSOR_ReadPressure))
<BR><BR>[Stack]<UL><LI>Max Depth = 8<LI>Call Chain = BSP_PSENSOR_ReadPressure
</UL>
<BR>[Called By]<UL><LI><a href="#[6e]">&gt;&gt;</a>&nbsp;&nbsp;&nbsp;main
</UL>

<P><STRONG><a name="[82]"></a>BSP_TSENSOR_Init</STRONG> (Thumb, 32 bytes, Stack size 8 bytes, stm32l475e_iot01_tsensor.o(i.BSP_TSENSOR_Init))
<BR><BR>[Stack]<UL><LI>Max Depth = 104<LI>Call Chain = BSP_TSENSOR_Init &rArr; SENSOR_IO_Init &rArr; I2Cx_Init &rArr; I2Cx_MspInit &rArr; HAL_NVIC_SetPriority &rArr; __NVIC_SetPriority
</UL>
<BR>[Calls]<UL><LI><a href="#[83]">&gt;&gt;</a>&nbsp;&nbsp;&nbsp;SENSOR_IO_Init
</UL>
<BR>[Called By]<UL><LI><a href="#[6e]">&gt;&gt;</a>&nbsp;&nbsp;&nbsp;main
</UL>

<P><STRONG><a name="[e1]"></a>BSP_TSENSOR_ReadTemp</STRONG> (Thumb, 14 bytes, Stack size 8 bytes, stm32l475e_iot01_tsensor.o(i.BSP_TSENSOR_ReadTemp))
<BR><BR>[Stack]<UL><LI>Max Depth = 8<LI>Call Chain = BSP_TSENSOR_ReadTemp
</UL>
<BR>[Called By]<UL><LI><a href="#[6e]">&gt;&gt;</a>&nbsp;&nbsp;&nbsp;main
</UL>

<P><STRONG><a name="[18]"></a>BusFault_Handler</STRONG> (Thumb, 4 bytes, Stack size 0 bytes, stm32l4xx_it.o(i.BusFault_Handler))
<BR>[Address Reference Count : 1]<UL><LI> startup_stm32l475xx.o(RESET)
</UL>
<P><STRONG><a name="[1b]"></a>DebugMon_Handler</STRONG> (Thumb, 2 bytes, Stack size 0 bytes, stm32l4xx_it.o(i.DebugMon_Handler))
<BR>[Address Reference Count : 1]<UL><LI> startup_stm32l475xx.o(RESET)
</UL>
<P><STRONG><a name="[84]"></a>HAL_Delay</STRONG> (Thumb, 32 bytes, Stack size 16 bytes, stm32l4xx_hal.o(i.HAL_Delay))
<BR><BR>[Stack]<UL><LI>Max Depth = 16<LI>Call Chain = HAL_Delay
</UL>
<BR>[Calls]<UL><LI><a href="#[85]">&gt;&gt;</a>&nbsp;&nbsp;&nbsp;HAL_GetTick
</UL>
<BR>[Called By]<UL><LI><a href="#[6e]">&gt;&gt;</a>&nbsp;&nbsp;&nbsp;main
</UL>

<P><STRONG><a name="[7a]"></a>HAL_GPIO_Init</STRONG> (Thumb, 484 bytes, Stack size 20 bytes, stm32l4xx_hal_gpio.o(i.HAL_GPIO_Init))
<BR><BR>[Stack]<UL><LI>Max Depth = 20<LI>Call Chain = HAL_GPIO_Init
</UL>
<BR>[Called By]<UL><LI><a href="#[7f]">&gt;&gt;</a>&nbsp;&nbsp;&nbsp;BSP_PB_Init
<LI><a href="#[7c]">&gt;&gt;</a>&nbsp;&nbsp;&nbsp;BSP_LED_Init
<LI><a href="#[79]">&gt;&gt;</a>&nbsp;&nbsp;&nbsp;BSP_COM_Init
<LI><a href="#[ac]">&gt;&gt;</a>&nbsp;&nbsp;&nbsp;I2Cx_MspInit
</UL>

<P><STRONG><a name="[7e]"></a>HAL_GPIO_WritePin</STRONG> (Thumb, 10 bytes, Stack size 0 bytes, stm32l4xx_hal_gpio.o(i.HAL_GPIO_WritePin))
<BR><BR>[Called By]<UL><LI><a href="#[7d]">&gt;&gt;</a>&nbsp;&nbsp;&nbsp;BSP_LED_On
</UL>

<P><STRONG><a name="[85]"></a>HAL_GetTick</STRONG> (Thumb, 6 bytes, Stack size 0 bytes, stm32l4xx_hal.o(i.HAL_GetTick))
<BR><BR>[Called By]<UL><LI><a href="#[8f]">&gt;&gt;</a>&nbsp;&nbsp;&nbsp;HAL_I2C_Mem_Write
<LI><a href="#[8a]">&gt;&gt;</a>&nbsp;&nbsp;&nbsp;HAL_I2C_Mem_Read
<LI><a href="#[84]">&gt;&gt;</a>&nbsp;&nbsp;&nbsp;HAL_Delay
<LI><a href="#[9e]">&gt;&gt;</a>&nbsp;&nbsp;&nbsp;HAL_RCC_OscConfig
<LI><a href="#[99]">&gt;&gt;</a>&nbsp;&nbsp;&nbsp;HAL_RCC_ClockConfig
<LI><a href="#[dd]">&gt;&gt;</a>&nbsp;&nbsp;&nbsp;UART_WaitOnFlagUntilTimeout
<LI><a href="#[a4]">&gt;&gt;</a>&nbsp;&nbsp;&nbsp;UART_CheckIdleState
<LI><a href="#[91]">&gt;&gt;</a>&nbsp;&nbsp;&nbsp;I2C_WaitOnTXISFlagUntilTimeout
<LI><a href="#[8e]">&gt;&gt;</a>&nbsp;&nbsp;&nbsp;I2C_WaitOnSTOPFlagUntilTimeout
<LI><a href="#[8b]">&gt;&gt;</a>&nbsp;&nbsp;&nbsp;I2C_WaitOnFlagUntilTimeout
<LI><a href="#[a8]">&gt;&gt;</a>&nbsp;&nbsp;&nbsp;I2C_IsAcknowledgeFailed
</UL>

<P><STRONG><a name="[ad]"></a>HAL_I2CEx_ConfigAnalogFilter</STRONG> (Thumb, 106 bytes, Stack size 0 bytes, stm32l4xx_hal_i2c_ex.o(i.HAL_I2CEx_ConfigAnalogFilter))
<BR><BR>[Called By]<UL><LI><a href="#[ab]">&gt;&gt;</a>&nbsp;&nbsp;&nbsp;I2Cx_Init
</UL>

<P><STRONG><a name="[86]"></a>HAL_I2C_DeInit</STRONG> (Thumb, 66 bytes, Stack size 8 bytes, stm32l4xx_hal_i2c.o(i.HAL_I2C_DeInit))
<BR><BR>[Stack]<UL><LI>Max Depth = 8<LI>Call Chain = HAL_I2C_DeInit
</UL>
<BR>[Calls]<UL><LI><a href="#[87]">&gt;&gt;</a>&nbsp;&nbsp;&nbsp;HAL_I2C_MspDeInit
</UL>
<BR>[Called By]<UL><LI><a href="#[aa]">&gt;&gt;</a>&nbsp;&nbsp;&nbsp;I2Cx_Error
</UL>

<P><STRONG><a name="[88]"></a>HAL_I2C_Init</STRONG> (Thumb, 198 bytes, Stack size 8 bytes, stm32l4xx_hal_i2c.o(i.HAL_I2C_Init))
<BR><BR>[Stack]<UL><LI>Max Depth = 8<LI>Call Chain = HAL_I2C_Init
</UL>
<BR>[Calls]<UL><LI><a href="#[89]">&gt;&gt;</a>&nbsp;&nbsp;&nbsp;HAL_I2C_MspInit
</UL>
<BR>[Called By]<UL><LI><a href="#[ab]">&gt;&gt;</a>&nbsp;&nbsp;&nbsp;I2Cx_Init
</UL>

<P><STRONG><a name="[8a]"></a>HAL_I2C_Mem_Read</STRONG> (Thumb, 408 bytes, Stack size 48 bytes, stm32l4xx_hal_i2c.o(i.HAL_I2C_Mem_Read))
<BR><BR>[Stack]<UL><LI>Max Depth = 112<LI>Call Chain = HAL_I2C_Mem_Read &rArr; I2C_RequestMemoryRead &rArr; I2C_WaitOnTXISFlagUntilTimeout &rArr; I2C_IsAcknowledgeFailed
</UL>
<BR>[Calls]<UL><LI><a href="#[85]">&gt;&gt;</a>&nbsp;&nbsp;&nbsp;HAL_GetTick
<LI><a href="#[8e]">&gt;&gt;</a>&nbsp;&nbsp;&nbsp;I2C_WaitOnSTOPFlagUntilTimeout
<LI><a href="#[8b]">&gt;&gt;</a>&nbsp;&nbsp;&nbsp;I2C_WaitOnFlagUntilTimeout
<LI><a href="#[8d]">&gt;&gt;</a>&nbsp;&nbsp;&nbsp;I2C_TransferConfig
<LI><a href="#[8c]">&gt;&gt;</a>&nbsp;&nbsp;&nbsp;I2C_RequestMemoryRead
</UL>
<BR>[Called By]<UL><LI><a href="#[ae]">&gt;&gt;</a>&nbsp;&nbsp;&nbsp;I2Cx_ReadMultiple
</UL>

<P><STRONG><a name="[8f]"></a>HAL_I2C_Mem_Write</STRONG> (Thumb, 400 bytes, Stack size 48 bytes, stm32l4xx_hal_i2c.o(i.HAL_I2C_Mem_Write))
<BR><BR>[Stack]<UL><LI>Max Depth = 112<LI>Call Chain = HAL_I2C_Mem_Write &rArr; I2C_RequestMemoryWrite &rArr; I2C_WaitOnTXISFlagUntilTimeout &rArr; I2C_IsAcknowledgeFailed
</UL>
<BR>[Calls]<UL><LI><a href="#[85]">&gt;&gt;</a>&nbsp;&nbsp;&nbsp;HAL_GetTick
<LI><a href="#[91]">&gt;&gt;</a>&nbsp;&nbsp;&nbsp;I2C_WaitOnTXISFlagUntilTimeout
<LI><a href="#[8e]">&gt;&gt;</a>&nbsp;&nbsp;&nbsp;I2C_WaitOnSTOPFlagUntilTimeout
<LI><a href="#[8b]">&gt;&gt;</a>&nbsp;&nbsp;&nbsp;I2C_WaitOnFlagUntilTimeout
<LI><a href="#[8d]">&gt;&gt;</a>&nbsp;&nbsp;&nbsp;I2C_TransferConfig
<LI><a href="#[90]">&gt;&gt;</a>&nbsp;&nbsp;&nbsp;I2C_RequestMemoryWrite
</UL>
<BR>[Called By]<UL><LI><a href="#[af]">&gt;&gt;</a>&nbsp;&nbsp;&nbsp;I2Cx_WriteMultiple
</UL>

<P><STRONG><a name="[87]"></a>HAL_I2C_MspDeInit</STRONG> (Thumb, 2 bytes, Stack size 0 bytes, stm32l4xx_hal_i2c.o(i.HAL_I2C_MspDeInit))
<BR><BR>[Called By]<UL><LI><a href="#[86]">&gt;&gt;</a>&nbsp;&nbsp;&nbsp;HAL_I2C_DeInit
</UL>

<P><STRONG><a name="[89]"></a>HAL_I2C_MspInit</STRONG> (Thumb, 2 bytes, Stack size 0 bytes, stm32l4xx_hal_i2c.o(i.HAL_I2C_MspInit))
<BR><BR>[Called By]<UL><LI><a href="#[88]">&gt;&gt;</a>&nbsp;&nbsp;&nbsp;HAL_I2C_Init
</UL>

<P><STRONG><a name="[db]"></a>HAL_IncTick</STRONG> (Thumb, 12 bytes, Stack size 0 bytes, stm32l4xx_hal.o(i.HAL_IncTick))
<BR><BR>[Called By]<UL><LI><a href="#[1d]">&gt;&gt;</a>&nbsp;&nbsp;&nbsp;SysTick_Handler
</UL>

<P><STRONG><a name="[92]"></a>HAL_Init</STRONG> (Thumb, 22 bytes, Stack size 8 bytes, stm32l4xx_hal.o(i.HAL_Init))
<BR><BR>[Stack]<UL><LI>Max Depth = 72<LI>Call Chain = HAL_Init &rArr; HAL_InitTick &rArr; HAL_NVIC_SetPriority &rArr; __NVIC_SetPriority
</UL>
<BR>[Calls]<UL><LI><a href="#[95]">&gt;&gt;</a>&nbsp;&nbsp;&nbsp;HAL_MspInit
<LI><a href="#[93]">&gt;&gt;</a>&nbsp;&nbsp;&nbsp;HAL_NVIC_SetPriorityGrouping
<LI><a href="#[94]">&gt;&gt;</a>&nbsp;&nbsp;&nbsp;HAL_InitTick
</UL>
<BR>[Called By]<UL><LI><a href="#[6e]">&gt;&gt;</a>&nbsp;&nbsp;&nbsp;main
</UL>

<P><STRONG><a name="[94]"></a>HAL_InitTick</STRONG> (Thumb, 36 bytes, Stack size 16 bytes, stm32l4xx_hal.o(i.HAL_InitTick))
<BR><BR>[Stack]<UL><LI>Max Depth = 64<LI>Call Chain = HAL_InitTick &rArr; HAL_NVIC_SetPriority &rArr; __NVIC_SetPriority
</UL>
<BR>[Calls]<UL><LI><a href="#[96]">&gt;&gt;</a>&nbsp;&nbsp;&nbsp;HAL_SYSTICK_Config
<LI><a href="#[80]">&gt;&gt;</a>&nbsp;&nbsp;&nbsp;HAL_NVIC_SetPriority
</UL>
<BR>[Called By]<UL><LI><a href="#[92]">&gt;&gt;</a>&nbsp;&nbsp;&nbsp;HAL_Init
<LI><a href="#[9e]">&gt;&gt;</a>&nbsp;&nbsp;&nbsp;HAL_RCC_OscConfig
<LI><a href="#[99]">&gt;&gt;</a>&nbsp;&nbsp;&nbsp;HAL_RCC_ClockConfig
</UL>

<P><STRONG><a name="[95]"></a>HAL_MspInit</STRONG> (Thumb, 2 bytes, Stack size 0 bytes, stm32l4xx_hal.o(i.HAL_MspInit))
<BR><BR>[Called By]<UL><LI><a href="#[92]">&gt;&gt;</a>&nbsp;&nbsp;&nbsp;HAL_Init
</UL>

<P><STRONG><a name="[81]"></a>HAL_NVIC_EnableIRQ</STRONG> (Thumb, 40 bytes, Stack size 0 bytes, stm32l4xx_hal_cortex.o(i.HAL_NVIC_EnableIRQ))
<BR><BR>[Called By]<UL><LI><a href="#[7f]">&gt;&gt;</a>&nbsp;&nbsp;&nbsp;BSP_PB_Init
<LI><a href="#[ac]">&gt;&gt;</a>&nbsp;&nbsp;&nbsp;I2Cx_MspInit
<LI><a href="#[6e]">&gt;&gt;</a>&nbsp;&nbsp;&nbsp;main
</UL>

<P><STRONG><a name="[80]"></a>HAL_NVIC_SetPriority</STRONG> (Thumb, 124 bytes, Stack size 40 bytes, stm32l4xx_hal_cortex.o(i.HAL_NVIC_SetPriority))
<BR><BR>[Stack]<UL><LI>Max Depth = 48<LI>Call Chain = HAL_NVIC_SetPriority &rArr; __NVIC_SetPriority
</UL>
<BR>[Calls]<UL><LI><a href="#[98]">&gt;&gt;</a>&nbsp;&nbsp;&nbsp;__NVIC_SetPriority
<LI><a href="#[97]">&gt;&gt;</a>&nbsp;&nbsp;&nbsp;__NVIC_GetPriorityGrouping
</UL>
<BR>[Called By]<UL><LI><a href="#[7f]">&gt;&gt;</a>&nbsp;&nbsp;&nbsp;BSP_PB_Init
<LI><a href="#[ac]">&gt;&gt;</a>&nbsp;&nbsp;&nbsp;I2Cx_MspInit
<LI><a href="#[94]">&gt;&gt;</a>&nbsp;&nbsp;&nbsp;HAL_InitTick
</UL>

<P><STRONG><a name="[93]"></a>HAL_NVIC_SetPriorityGrouping</STRONG> (Thumb, 32 bytes, Stack size 0 bytes, stm32l4xx_hal_cortex.o(i.HAL_NVIC_SetPriorityGrouping))
<BR><BR>[Called By]<UL><LI><a href="#[92]">&gt;&gt;</a>&nbsp;&nbsp;&nbsp;HAL_Init
</UL>

<P><STRONG><a name="[da]"></a>HAL_PWREx_GetVoltageRange</STRONG> (Thumb, 10 bytes, Stack size 0 bytes, stm32l4xx_hal_pwr_ex.o(i.HAL_PWREx_GetVoltageRange))
<BR><BR>[Called By]<UL><LI><a href="#[9f]">&gt;&gt;</a>&nbsp;&nbsp;&nbsp;RCC_SetFlashLatencyFromMSIRange
</UL>

<P><STRONG><a name="[99]"></a>HAL_RCC_ClockConfig</STRONG> (Thumb, 348 bytes, Stack size 16 bytes, stm32l4xx_hal_rcc.o(i.HAL_RCC_ClockConfig))
<BR><BR>[Stack]<UL><LI>Max Depth = 80<LI>Call Chain = HAL_RCC_ClockConfig &rArr; HAL_InitTick &rArr; HAL_NVIC_SetPriority &rArr; __NVIC_SetPriority
</UL>
<BR>[Calls]<UL><LI><a href="#[85]">&gt;&gt;</a>&nbsp;&nbsp;&nbsp;HAL_GetTick
<LI><a href="#[94]">&gt;&gt;</a>&nbsp;&nbsp;&nbsp;HAL_InitTick
<LI><a href="#[9a]">&gt;&gt;</a>&nbsp;&nbsp;&nbsp;HAL_RCC_GetSysClockFreq
</UL>
<BR>[Called By]<UL><LI><a href="#[dc]">&gt;&gt;</a>&nbsp;&nbsp;&nbsp;SystemClock_Config
</UL>

<P><STRONG><a name="[9c]"></a>HAL_RCC_GetHCLKFreq</STRONG> (Thumb, 6 bytes, Stack size 0 bytes, stm32l4xx_hal_rcc.o(i.HAL_RCC_GetHCLKFreq))
<BR><BR>[Called By]<UL><LI><a href="#[9d]">&gt;&gt;</a>&nbsp;&nbsp;&nbsp;HAL_RCC_GetPCLK2Freq
<LI><a href="#[9b]">&gt;&gt;</a>&nbsp;&nbsp;&nbsp;HAL_RCC_GetPCLK1Freq
</UL>

<P><STRONG><a name="[9b]"></a>HAL_RCC_GetPCLK1Freq</STRONG> (Thumb, 22 bytes, Stack size 4 bytes, stm32l4xx_hal_rcc.o(i.HAL_RCC_GetPCLK1Freq))
<BR><BR>[Stack]<UL><LI>Max Depth = 4<LI>Call Chain = HAL_RCC_GetPCLK1Freq
</UL>
<BR>[Calls]<UL><LI><a href="#[9c]">&gt;&gt;</a>&nbsp;&nbsp;&nbsp;HAL_RCC_GetHCLKFreq
</UL>
<BR>[Called By]<UL><LI><a href="#[a2]">&gt;&gt;</a>&nbsp;&nbsp;&nbsp;UART_SetConfig
</UL>

<P><STRONG><a name="[9d]"></a>HAL_RCC_GetPCLK2Freq</STRONG> (Thumb, 22 bytes, Stack size 4 bytes, stm32l4xx_hal_rcc.o(i.HAL_RCC_GetPCLK2Freq))
<BR><BR>[Stack]<UL><LI>Max Depth = 4<LI>Call Chain = HAL_RCC_GetPCLK2Freq
</UL>
<BR>[Calls]<UL><LI><a href="#[9c]">&gt;&gt;</a>&nbsp;&nbsp;&nbsp;HAL_RCC_GetHCLKFreq
</UL>
<BR>[Called By]<UL><LI><a href="#[a2]">&gt;&gt;</a>&nbsp;&nbsp;&nbsp;UART_SetConfig
</UL>

<P><STRONG><a name="[9a]"></a>HAL_RCC_GetSysClockFreq</STRONG> (Thumb, 252 bytes, Stack size 20 bytes, stm32l4xx_hal_rcc.o(i.HAL_RCC_GetSysClockFreq))
<BR><BR>[Stack]<UL><LI>Max Depth = 20<LI>Call Chain = HAL_RCC_GetSysClockFreq
</UL>
<BR>[Called By]<UL><LI><a href="#[9e]">&gt;&gt;</a>&nbsp;&nbsp;&nbsp;HAL_RCC_OscConfig
<LI><a href="#[99]">&gt;&gt;</a>&nbsp;&nbsp;&nbsp;HAL_RCC_ClockConfig
<LI><a href="#[a2]">&gt;&gt;</a>&nbsp;&nbsp;&nbsp;UART_SetConfig
</UL>

<P><STRONG><a name="[9e]"></a>HAL_RCC_OscConfig</STRONG> (Thumb, 1562 bytes, Stack size 24 bytes, stm32l4xx_hal_rcc.o(i.HAL_RCC_OscConfig))
<BR><BR>[Stack]<UL><LI>Max Depth = 88<LI>Call Chain = HAL_RCC_OscConfig &rArr; HAL_InitTick &rArr; HAL_NVIC_SetPriority &rArr; __NVIC_SetPriority
</UL>
<BR>[Calls]<UL><LI><a href="#[85]">&gt;&gt;</a>&nbsp;&nbsp;&nbsp;HAL_GetTick
<LI><a href="#[94]">&gt;&gt;</a>&nbsp;&nbsp;&nbsp;HAL_InitTick
<LI><a href="#[9a]">&gt;&gt;</a>&nbsp;&nbsp;&nbsp;HAL_RCC_GetSysClockFreq
<LI><a href="#[9f]">&gt;&gt;</a>&nbsp;&nbsp;&nbsp;RCC_SetFlashLatencyFromMSIRange
</UL>
<BR>[Called By]<UL><LI><a href="#[dc]">&gt;&gt;</a>&nbsp;&nbsp;&nbsp;SystemClock_Config
</UL>

<P><STRONG><a name="[96]"></a>HAL_SYSTICK_Config</STRONG> (Thumb, 52 bytes, Stack size 16 bytes, stm32l4xx_hal_cortex.o(i.HAL_SYSTICK_Config))
<BR><BR>[Stack]<UL><LI>Max Depth = 24<LI>Call Chain = HAL_SYSTICK_Config &rArr; __NVIC_SetPriority
</UL>
<BR>[Calls]<UL><LI><a href="#[98]">&gt;&gt;</a>&nbsp;&nbsp;&nbsp;__NVIC_SetPriority
</UL>
<BR>[Called By]<UL><LI><a href="#[94]">&gt;&gt;</a>&nbsp;&nbsp;&nbsp;HAL_InitTick
</UL>

<P><STRONG><a name="[78]"></a>HAL_UART_DeInit</STRONG> (Thumb, 72 bytes, Stack size 8 bytes, stm32l4xx_hal_uart.o(i.HAL_UART_DeInit))
<BR><BR>[Stack]<UL><LI>Max Depth = 8<LI>Call Chain = HAL_UART_DeInit
</UL>
<BR>[Calls]<UL><LI><a href="#[a0]">&gt;&gt;</a>&nbsp;&nbsp;&nbsp;HAL_UART_MspDeInit
</UL>
<BR>[Called By]<UL><LI><a href="#[77]">&gt;&gt;</a>&nbsp;&nbsp;&nbsp;BSP_COM_DeInit
</UL>

<P><STRONG><a name="[7b]"></a>HAL_UART_Init</STRONG> (Thumb, 120 bytes, Stack size 8 bytes, stm32l4xx_hal_uart.o(i.HAL_UART_Init))
<BR><BR>[Stack]<UL><LI>Max Depth = 88<LI>Call Chain = HAL_UART_Init &rArr; UART_SetConfig &rArr; __aeabi_uldivmod
</UL>
<BR>[Calls]<UL><LI><a href="#[a1]">&gt;&gt;</a>&nbsp;&nbsp;&nbsp;HAL_UART_MspInit
<LI><a href="#[a2]">&gt;&gt;</a>&nbsp;&nbsp;&nbsp;UART_SetConfig
<LI><a href="#[a4]">&gt;&gt;</a>&nbsp;&nbsp;&nbsp;UART_CheckIdleState
<LI><a href="#[a3]">&gt;&gt;</a>&nbsp;&nbsp;&nbsp;UART_AdvFeatureConfig
</UL>
<BR>[Called By]<UL><LI><a href="#[79]">&gt;&gt;</a>&nbsp;&nbsp;&nbsp;BSP_COM_Init
</UL>

<P><STRONG><a name="[a0]"></a>HAL_UART_MspDeInit</STRONG> (Thumb, 2 bytes, Stack size 0 bytes, stm32l4xx_hal_uart.o(i.HAL_UART_MspDeInit))
<BR><BR>[Called By]<UL><LI><a href="#[78]">&gt;&gt;</a>&nbsp;&nbsp;&nbsp;HAL_UART_DeInit
</UL>

<P><STRONG><a name="[a1]"></a>HAL_UART_MspInit</STRONG> (Thumb, 2 bytes, Stack size 0 bytes, stm32l4xx_hal_uart.o(i.HAL_UART_MspInit))
<BR><BR>[Called By]<UL><LI><a href="#[7b]">&gt;&gt;</a>&nbsp;&nbsp;&nbsp;HAL_UART_Init
</UL>

<P><STRONG><a name="[5]"></a>HTS221_H_Init</STRONG> (Thumb, 46 bytes, Stack size 16 bytes, hts221.o(i.HTS221_H_Init))
<BR><BR>[Stack]<UL><LI>Max Depth = 208<LI>Call Chain = HTS221_H_Init &rArr; SENSOR_IO_Write &rArr; I2Cx_WriteMultiple &rArr; HAL_I2C_Mem_Write &rArr; I2C_RequestMemoryWrite &rArr; I2C_WaitOnTXISFlagUntilTimeout &rArr; I2C_IsAcknowledgeFailed
</UL>
<BR>[Calls]<UL><LI><a href="#[a6]">&gt;&gt;</a>&nbsp;&nbsp;&nbsp;SENSOR_IO_Write
<LI><a href="#[a5]">&gt;&gt;</a>&nbsp;&nbsp;&nbsp;SENSOR_IO_Read
</UL>
<BR>[Address Reference Count : 1]<UL><LI> hts221.o(.data)
</UL>
<P><STRONG><a name="[7]"></a>HTS221_H_ReadHumidity</STRONG> (Thumb, 250 bytes, Stack size 40 bytes, hts221.o(i.HTS221_H_ReadHumidity))
<BR><BR>[Stack]<UL><LI>Max Depth = 232<LI>Call Chain = HTS221_H_ReadHumidity &rArr; SENSOR_IO_ReadMultiple &rArr; I2Cx_ReadMultiple &rArr; HAL_I2C_Mem_Read &rArr; I2C_RequestMemoryRead &rArr; I2C_WaitOnTXISFlagUntilTimeout &rArr; I2C_IsAcknowledgeFailed
</UL>
<BR>[Calls]<UL><LI><a href="#[a7]">&gt;&gt;</a>&nbsp;&nbsp;&nbsp;SENSOR_IO_ReadMultiple
</UL>
<BR>[Address Reference Count : 1]<UL><LI> hts221.o(.data)
</UL>
<P><STRONG><a name="[6]"></a>HTS221_H_ReadID</STRONG> (Thumb, 24 bytes, Stack size 16 bytes, hts221.o(i.HTS221_H_ReadID))
<BR><BR>[Stack]<UL><LI>Max Depth = 200<LI>Call Chain = HTS221_H_ReadID &rArr; SENSOR_IO_Read &rArr; I2Cx_ReadMultiple &rArr; HAL_I2C_Mem_Read &rArr; I2C_RequestMemoryRead &rArr; I2C_WaitOnTXISFlagUntilTimeout &rArr; I2C_IsAcknowledgeFailed
</UL>
<BR>[Calls]<UL><LI><a href="#[a5]">&gt;&gt;</a>&nbsp;&nbsp;&nbsp;SENSOR_IO_Read
<LI><a href="#[83]">&gt;&gt;</a>&nbsp;&nbsp;&nbsp;SENSOR_IO_Init
</UL>
<BR>[Address Reference Count : 1]<UL><LI> hts221.o(.data)
</UL>
<P><STRONG><a name="[8]"></a>HTS221_T_Init</STRONG> (Thumb, 48 bytes, Stack size 16 bytes, hts221.o(i.HTS221_T_Init))
<BR><BR>[Stack]<UL><LI>Max Depth = 208<LI>Call Chain = HTS221_T_Init &rArr; SENSOR_IO_Write &rArr; I2Cx_WriteMultiple &rArr; HAL_I2C_Mem_Write &rArr; I2C_RequestMemoryWrite &rArr; I2C_WaitOnTXISFlagUntilTimeout &rArr; I2C_IsAcknowledgeFailed
</UL>
<BR>[Calls]<UL><LI><a href="#[a6]">&gt;&gt;</a>&nbsp;&nbsp;&nbsp;SENSOR_IO_Write
<LI><a href="#[a5]">&gt;&gt;</a>&nbsp;&nbsp;&nbsp;SENSOR_IO_Read
</UL>
<BR>[Address Reference Count : 1]<UL><LI> hts221.o(.data)
</UL>
<P><STRONG><a name="[9]"></a>HTS221_T_ReadTemp</STRONG> (Thumb, 212 bytes, Stack size 56 bytes, hts221.o(i.HTS221_T_ReadTemp))
<BR><BR>[Stack]<UL><LI>Max Depth = 248<LI>Call Chain = HTS221_T_ReadTemp &rArr; SENSOR_IO_ReadMultiple &rArr; I2Cx_ReadMultiple &rArr; HAL_I2C_Mem_Read &rArr; I2C_RequestMemoryRead &rArr; I2C_WaitOnTXISFlagUntilTimeout &rArr; I2C_IsAcknowledgeFailed
</UL>
<BR>[Calls]<UL><LI><a href="#[a7]">&gt;&gt;</a>&nbsp;&nbsp;&nbsp;SENSOR_IO_ReadMultiple
<LI><a href="#[a5]">&gt;&gt;</a>&nbsp;&nbsp;&nbsp;SENSOR_IO_Read
</UL>
<BR>[Address Reference Count : 1]<UL><LI> hts221.o(.data)
</UL>
<P><STRONG><a name="[16]"></a>HardFault_Handler</STRONG> (Thumb, 4 bytes, Stack size 0 bytes, stm32l4xx_it.o(i.HardFault_Handler))
<BR>[Address Reference Count : 1]<UL><LI> startup_stm32l475xx.o(RESET)
</UL>
<P><STRONG><a name="[0]"></a>LPS22HB_P_Init</STRONG> (Thumb, 12 bytes, Stack size 8 bytes, lps22hb.o(i.LPS22HB_P_Init))
<BR><BR>[Stack]<UL><LI>Max Depth = 216<LI>Call Chain = LPS22HB_P_Init &rArr; LPS22HB_Init &rArr; SENSOR_IO_Write &rArr; I2Cx_WriteMultiple &rArr; HAL_I2C_Mem_Write &rArr; I2C_RequestMemoryWrite &rArr; I2C_WaitOnTXISFlagUntilTimeout &rArr; I2C_IsAcknowledgeFailed
</UL>
<BR>[Calls]<UL><LI><a href="#[b0]">&gt;&gt;</a>&nbsp;&nbsp;&nbsp;LPS22HB_Init
</UL>
<BR>[Address Reference Count : 1]<UL><LI> lps22hb.o(.data)
</UL>
<P><STRONG><a name="[1]"></a>LPS22HB_P_ReadID</STRONG> (Thumb, 24 bytes, Stack size 16 bytes, lps22hb.o(i.LPS22HB_P_ReadID))
<BR><BR>[Stack]<UL><LI>Max Depth = 200<LI>Call Chain = LPS22HB_P_ReadID &rArr; SENSOR_IO_Read &rArr; I2Cx_ReadMultiple &rArr; HAL_I2C_Mem_Read &rArr; I2C_RequestMemoryRead &rArr; I2C_WaitOnTXISFlagUntilTimeout &rArr; I2C_IsAcknowledgeFailed
</UL>
<BR>[Calls]<UL><LI><a href="#[a5]">&gt;&gt;</a>&nbsp;&nbsp;&nbsp;SENSOR_IO_Read
<LI><a href="#[83]">&gt;&gt;</a>&nbsp;&nbsp;&nbsp;SENSOR_IO_Init
</UL>
<BR>[Address Reference Count : 1]<UL><LI> lps22hb.o(.data)
</UL>
<P><STRONG><a name="[2]"></a>LPS22HB_P_ReadPressure</STRONG> (Thumb, 100 bytes, Stack size 24 bytes, lps22hb.o(i.LPS22HB_P_ReadPressure))
<BR><BR>[Stack]<UL><LI>Max Depth = 208<LI>Call Chain = LPS22HB_P_ReadPressure &rArr; SENSOR_IO_Read &rArr; I2Cx_ReadMultiple &rArr; HAL_I2C_Mem_Read &rArr; I2C_RequestMemoryRead &rArr; I2C_WaitOnTXISFlagUntilTimeout &rArr; I2C_IsAcknowledgeFailed
</UL>
<BR>[Calls]<UL><LI><a href="#[a5]">&gt;&gt;</a>&nbsp;&nbsp;&nbsp;SENSOR_IO_Read
</UL>
<BR>[Address Reference Count : 1]<UL><LI> lps22hb.o(.data)
</UL>
<P><STRONG><a name="[3]"></a>LPS22HB_T_Init</STRONG> (Thumb, 14 bytes, Stack size 16 bytes, lps22hb.o(i.LPS22HB_T_Init))
<BR><BR>[Stack]<UL><LI>Max Depth = 224<LI>Call Chain = LPS22HB_T_Init &rArr; LPS22HB_Init &rArr; SENSOR_IO_Write &rArr; I2Cx_WriteMultiple &rArr; HAL_I2C_Mem_Write &rArr; I2C_RequestMemoryWrite &rArr; I2C_WaitOnTXISFlagUntilTimeout &rArr; I2C_IsAcknowledgeFailed
</UL>
<BR>[Calls]<UL><LI><a href="#[b0]">&gt;&gt;</a>&nbsp;&nbsp;&nbsp;LPS22HB_Init
</UL>
<BR>[Address Reference Count : 1]<UL><LI> lps22hb.o(.data)
</UL>
<P><STRONG><a name="[4]"></a>LPS22HB_T_ReadTemp</STRONG> (Thumb, 78 bytes, Stack size 24 bytes, lps22hb.o(i.LPS22HB_T_ReadTemp))
<BR><BR>[Stack]<UL><LI>Max Depth = 208<LI>Call Chain = LPS22HB_T_ReadTemp &rArr; SENSOR_IO_Read &rArr; I2Cx_ReadMultiple &rArr; HAL_I2C_Mem_Read &rArr; I2C_RequestMemoryRead &rArr; I2C_WaitOnTXISFlagUntilTimeout &rArr; I2C_IsAcknowledgeFailed
</UL>
<BR>[Calls]<UL><LI><a href="#[a5]">&gt;&gt;</a>&nbsp;&nbsp;&nbsp;SENSOR_IO_Read
</UL>
<BR>[Address Reference Count : 1]<UL><LI> lps22hb.o(.data)
</UL>
<P><STRONG><a name="[b]"></a>LSM6DSL_AccDeInit</STRONG> (Thumb, 32 bytes, Stack size 8 bytes, lsm6dsl.o(i.LSM6DSL_AccDeInit))
<BR><BR>[Stack]<UL><LI>Max Depth = 200<LI>Call Chain = LSM6DSL_AccDeInit &rArr; SENSOR_IO_Write &rArr; I2Cx_WriteMultiple &rArr; HAL_I2C_Mem_Write &rArr; I2C_RequestMemoryWrite &rArr; I2C_WaitOnTXISFlagUntilTimeout &rArr; I2C_IsAcknowledgeFailed
</UL>
<BR>[Calls]<UL><LI><a href="#[a6]">&gt;&gt;</a>&nbsp;&nbsp;&nbsp;SENSOR_IO_Write
<LI><a href="#[a5]">&gt;&gt;</a>&nbsp;&nbsp;&nbsp;SENSOR_IO_Read
</UL>
<BR>[Address Reference Count : 1]<UL><LI> lsm6dsl.o(.data)
</UL>
<P><STRONG><a name="[a]"></a>LSM6DSL_AccInit</STRONG> (Thumb, 64 bytes, Stack size 16 bytes, lsm6dsl.o(i.LSM6DSL_AccInit))
<BR><BR>[Stack]<UL><LI>Max Depth = 208<LI>Call Chain = LSM6DSL_AccInit &rArr; SENSOR_IO_Write &rArr; I2Cx_WriteMultiple &rArr; HAL_I2C_Mem_Write &rArr; I2C_RequestMemoryWrite &rArr; I2C_WaitOnTXISFlagUntilTimeout &rArr; I2C_IsAcknowledgeFailed
</UL>
<BR>[Calls]<UL><LI><a href="#[a6]">&gt;&gt;</a>&nbsp;&nbsp;&nbsp;SENSOR_IO_Write
<LI><a href="#[a5]">&gt;&gt;</a>&nbsp;&nbsp;&nbsp;SENSOR_IO_Read
</UL>
<BR>[Address Reference Count : 1]<UL><LI> lsm6dsl.o(.data)
</UL>
<P><STRONG><a name="[d]"></a>LSM6DSL_AccLowPower</STRONG> (Thumb, 42 bytes, Stack size 16 bytes, lsm6dsl.o(i.LSM6DSL_AccLowPower))
<BR><BR>[Stack]<UL><LI>Max Depth = 208<LI>Call Chain = LSM6DSL_AccLowPower &rArr; SENSOR_IO_Write &rArr; I2Cx_WriteMultiple &rArr; HAL_I2C_Mem_Write &rArr; I2C_RequestMemoryWrite &rArr; I2C_WaitOnTXISFlagUntilTimeout &rArr; I2C_IsAcknowledgeFailed
</UL>
<BR>[Calls]<UL><LI><a href="#[a6]">&gt;&gt;</a>&nbsp;&nbsp;&nbsp;SENSOR_IO_Write
<LI><a href="#[a5]">&gt;&gt;</a>&nbsp;&nbsp;&nbsp;SENSOR_IO_Read
</UL>
<BR>[Address Reference Count : 1]<UL><LI> lsm6dsl.o(.data)
</UL>
<P><STRONG><a name="[c]"></a>LSM6DSL_AccReadID</STRONG> (Thumb, 16 bytes, Stack size 8 bytes, lsm6dsl.o(i.LSM6DSL_AccReadID))
<BR><BR>[Stack]<UL><LI>Max Depth = 192<LI>Call Chain = LSM6DSL_AccReadID &rArr; SENSOR_IO_Read &rArr; I2Cx_ReadMultiple &rArr; HAL_I2C_Mem_Read &rArr; I2C_RequestMemoryRead &rArr; I2C_WaitOnTXISFlagUntilTimeout &rArr; I2C_IsAcknowledgeFailed
</UL>
<BR>[Calls]<UL><LI><a href="#[a5]">&gt;&gt;</a>&nbsp;&nbsp;&nbsp;SENSOR_IO_Read
<LI><a href="#[83]">&gt;&gt;</a>&nbsp;&nbsp;&nbsp;SENSOR_IO_Init
</UL>
<BR>[Address Reference Count : 1]<UL><LI> lsm6dsl.o(.data)
</UL>
<P><STRONG><a name="[e]"></a>LSM6DSL_AccReadXYZ</STRONG> (Thumb, 194 bytes, Stack size 40 bytes, lsm6dsl.o(i.LSM6DSL_AccReadXYZ))
<BR><BR>[Stack]<UL><LI>Max Depth = 232<LI>Call Chain = LSM6DSL_AccReadXYZ &rArr; SENSOR_IO_ReadMultiple &rArr; I2Cx_ReadMultiple &rArr; HAL_I2C_Mem_Read &rArr; I2C_RequestMemoryRead &rArr; I2C_WaitOnTXISFlagUntilTimeout &rArr; I2C_IsAcknowledgeFailed
</UL>
<BR>[Calls]<UL><LI><a href="#[a7]">&gt;&gt;</a>&nbsp;&nbsp;&nbsp;SENSOR_IO_ReadMultiple
<LI><a href="#[a5]">&gt;&gt;</a>&nbsp;&nbsp;&nbsp;SENSOR_IO_Read
</UL>
<BR>[Address Reference Count : 1]<UL><LI> lsm6dsl.o(.data)
</UL>
<P><STRONG><a name="[10]"></a>LSM6DSL_GyroDeInit</STRONG> (Thumb, 32 bytes, Stack size 8 bytes, lsm6dsl.o(i.LSM6DSL_GyroDeInit))
<BR><BR>[Stack]<UL><LI>Max Depth = 200<LI>Call Chain = LSM6DSL_GyroDeInit &rArr; SENSOR_IO_Write &rArr; I2Cx_WriteMultiple &rArr; HAL_I2C_Mem_Write &rArr; I2C_RequestMemoryWrite &rArr; I2C_WaitOnTXISFlagUntilTimeout &rArr; I2C_IsAcknowledgeFailed
</UL>
<BR>[Calls]<UL><LI><a href="#[a6]">&gt;&gt;</a>&nbsp;&nbsp;&nbsp;SENSOR_IO_Write
<LI><a href="#[a5]">&gt;&gt;</a>&nbsp;&nbsp;&nbsp;SENSOR_IO_Read
</UL>
<BR>[Address Reference Count : 1]<UL><LI> lsm6dsl.o(.data)
</UL>
<P><STRONG><a name="[f]"></a>LSM6DSL_GyroInit</STRONG> (Thumb, 64 bytes, Stack size 16 bytes, lsm6dsl.o(i.LSM6DSL_GyroInit))
<BR><BR>[Stack]<UL><LI>Max Depth = 208<LI>Call Chain = LSM6DSL_GyroInit &rArr; SENSOR_IO_Write &rArr; I2Cx_WriteMultiple &rArr; HAL_I2C_Mem_Write &rArr; I2C_RequestMemoryWrite &rArr; I2C_WaitOnTXISFlagUntilTimeout &rArr; I2C_IsAcknowledgeFailed
</UL>
<BR>[Calls]<UL><LI><a href="#[a6]">&gt;&gt;</a>&nbsp;&nbsp;&nbsp;SENSOR_IO_Write
<LI><a href="#[a5]">&gt;&gt;</a>&nbsp;&nbsp;&nbsp;SENSOR_IO_Read
</UL>
<BR>[Address Reference Count : 1]<UL><LI> lsm6dsl.o(.data)
</UL>
<P><STRONG><a name="[12]"></a>LSM6DSL_GyroLowPower</STRONG> (Thumb, 42 bytes, Stack size 16 bytes, lsm6dsl.o(i.LSM6DSL_GyroLowPower))
<BR><BR>[Stack]<UL><LI>Max Depth = 208<LI>Call Chain = LSM6DSL_GyroLowPower &rArr; SENSOR_IO_Write &rArr; I2Cx_WriteMultiple &rArr; HAL_I2C_Mem_Write &rArr; I2C_RequestMemoryWrite &rArr; I2C_WaitOnTXISFlagUntilTimeout &rArr; I2C_IsAcknowledgeFailed
</UL>
<BR>[Calls]<UL><LI><a href="#[a6]">&gt;&gt;</a>&nbsp;&nbsp;&nbsp;SENSOR_IO_Write
<LI><a href="#[a5]">&gt;&gt;</a>&nbsp;&nbsp;&nbsp;SENSOR_IO_Read
</UL>
<BR>[Address Reference Count : 1]<UL><LI> lsm6dsl.o(.data)
</UL>
<P><STRONG><a name="[11]"></a>LSM6DSL_GyroReadID</STRONG> (Thumb, 16 bytes, Stack size 8 bytes, lsm6dsl.o(i.LSM6DSL_GyroReadID))
<BR><BR>[Stack]<UL><LI>Max Depth = 192<LI>Call Chain = LSM6DSL_GyroReadID &rArr; SENSOR_IO_Read &rArr; I2Cx_ReadMultiple &rArr; HAL_I2C_Mem_Read &rArr; I2C_RequestMemoryRead &rArr; I2C_WaitOnTXISFlagUntilTimeout &rArr; I2C_IsAcknowledgeFailed
</UL>
<BR>[Calls]<UL><LI><a href="#[a5]">&gt;&gt;</a>&nbsp;&nbsp;&nbsp;SENSOR_IO_Read
<LI><a href="#[83]">&gt;&gt;</a>&nbsp;&nbsp;&nbsp;SENSOR_IO_Init
</UL>
<BR>[Address Reference Count : 1]<UL><LI> lsm6dsl.o(.data)
</UL>
<P><STRONG><a name="[13]"></a>LSM6DSL_GyroReadXYZAngRate</STRONG> (Thumb, 188 bytes, Stack size 40 bytes, lsm6dsl.o(i.LSM6DSL_GyroReadXYZAngRate))
<BR><BR>[Stack]<UL><LI>Max Depth = 232<LI>Call Chain = LSM6DSL_GyroReadXYZAngRate &rArr; SENSOR_IO_ReadMultiple &rArr; I2Cx_ReadMultiple &rArr; HAL_I2C_Mem_Read &rArr; I2C_RequestMemoryRead &rArr; I2C_WaitOnTXISFlagUntilTimeout &rArr; I2C_IsAcknowledgeFailed
</UL>
<BR>[Calls]<UL><LI><a href="#[a7]">&gt;&gt;</a>&nbsp;&nbsp;&nbsp;SENSOR_IO_ReadMultiple
<LI><a href="#[a5]">&gt;&gt;</a>&nbsp;&nbsp;&nbsp;SENSOR_IO_Read
</UL>
<BR>[Address Reference Count : 1]<UL><LI> lsm6dsl.o(.data)
</UL>
<P><STRONG><a name="[17]"></a>MemManage_Handler</STRONG> (Thumb, 4 bytes, Stack size 0 bytes, stm32l4xx_it.o(i.MemManage_Handler))
<BR>[Address Reference Count : 1]<UL><LI> startup_stm32l475xx.o(RESET)
</UL>
<P><STRONG><a name="[15]"></a>NMI_Handler</STRONG> (Thumb, 2 bytes, Stack size 0 bytes, stm32l4xx_it.o(i.NMI_Handler))
<BR>[Address Reference Count : 1]<UL><LI> startup_stm32l475xx.o(RESET)
</UL>
<P><STRONG><a name="[1c]"></a>PendSV_Handler</STRONG> (Thumb, 2 bytes, Stack size 0 bytes, stm32l4xx_it.o(i.PendSV_Handler))
<BR>[Address Reference Count : 1]<UL><LI> startup_stm32l475xx.o(RESET)
</UL>
<P><STRONG><a name="[cc]"></a>ProbeCom_OS_TerminalOutSignal</STRONG> (Thumb, 2 bytes, Stack size 0 bytes, probe_com_os.o(i.ProbeCom_OS_TerminalOutSignal))
<BR><BR>[Called By]<UL><LI><a href="#[c4]">&gt;&gt;</a>&nbsp;&nbsp;&nbsp;ProbeCom_ReqTerminalOut
</UL>

<P><STRONG><a name="[ba]"></a>ProbeCom_ParseRxPkt</STRONG> (Thumb, 260 bytes, Stack size 40 bytes, probe_com.o(i.ProbeCom_ParseRxPkt))
<BR><BR>[Stack]<UL><LI>Max Depth = 176 + Unknown Stack Size
<LI>Call Chain = ProbeCom_ParseRxPkt &rArr; ProbeCom_ReqWrMulti &rArr; ProbeCom_ReqErr &rArr; ProbeCom_PktModifier &rArr; ProbeCom_StrOutAvail &rArr; ProbeCom_BufIsEmpty
</UL>
<BR>[Calls]<UL><LI><a href="#[bf]">&gt;&gt;</a>&nbsp;&nbsp;&nbsp;ProbeCom_ReqWrMulti
<LI><a href="#[be]">&gt;&gt;</a>&nbsp;&nbsp;&nbsp;ProbeCom_ReqWr
<LI><a href="#[c4]">&gt;&gt;</a>&nbsp;&nbsp;&nbsp;ProbeCom_ReqTerminalOut
<LI><a href="#[c3]">&gt;&gt;</a>&nbsp;&nbsp;&nbsp;ProbeCom_ReqTerminalIn
<LI><a href="#[c2]">&gt;&gt;</a>&nbsp;&nbsp;&nbsp;ProbeCom_ReqTerminalExec
<LI><a href="#[c1]">&gt;&gt;</a>&nbsp;&nbsp;&nbsp;ProbeCom_ReqStrOut
<LI><a href="#[c0]">&gt;&gt;</a>&nbsp;&nbsp;&nbsp;ProbeCom_ReqStrIn
<LI><a href="#[bd]">&gt;&gt;</a>&nbsp;&nbsp;&nbsp;ProbeCom_ReqRdMulti
<LI><a href="#[bc]">&gt;&gt;</a>&nbsp;&nbsp;&nbsp;ProbeCom_ReqRd
<LI><a href="#[bb]">&gt;&gt;</a>&nbsp;&nbsp;&nbsp;ProbeCom_ReqQuery
<LI><a href="#[c5]">&gt;&gt;</a>&nbsp;&nbsp;&nbsp;ProbeCom_ReqErr
</UL>
<BR>[Called By]<UL><LI><a href="#[ce]">&gt;&gt;</a>&nbsp;&nbsp;&nbsp;ProbeRS232_ParseRxPkt
</UL>

<P><STRONG><a name="[cd]"></a>ProbeRS232_InitTarget</STRONG> (Thumb, 70 bytes, Stack size 8 bytes, probe_rs232c.o(i.ProbeRS232_InitTarget))
<BR><BR>[Stack]<UL><LI>Max Depth = 136<LI>Call Chain = ProbeRS232_InitTarget &rArr; BSP_COM_Init &rArr; HAL_UART_Init &rArr; UART_SetConfig &rArr; __aeabi_uldivmod
</UL>
<BR>[Calls]<UL><LI><a href="#[79]">&gt;&gt;</a>&nbsp;&nbsp;&nbsp;BSP_COM_Init
<LI><a href="#[77]">&gt;&gt;</a>&nbsp;&nbsp;&nbsp;BSP_COM_DeInit
</UL>
<BR>[Called By]<UL><LI><a href="#[6e]">&gt;&gt;</a>&nbsp;&nbsp;&nbsp;main
</UL>

<P><STRONG><a name="[cf]"></a>ProbeRS232_RxHandler</STRONG> (Thumb, 314 bytes, Stack size 8 bytes, probe_rs232.o(i.ProbeRS232_RxHandler))
<BR><BR>[Stack]<UL><LI>Max Depth = 208 + Unknown Stack Size
<LI>Call Chain = ProbeRS232_RxHandler &rArr; ProbeRS232_RxPkt &rArr; ProbeRS232_ParseRxPkt &rArr; ProbeCom_ParseRxPkt &rArr; ProbeCom_ReqWrMulti &rArr; ProbeCom_ReqErr &rArr; ProbeCom_PktModifier &rArr; ProbeCom_StrOutAvail &rArr; ProbeCom_BufIsEmpty
</UL>
<BR>[Calls]<UL><LI><a href="#[d1]">&gt;&gt;</a>&nbsp;&nbsp;&nbsp;ProbeRS232_RxStoINT8U
<LI><a href="#[d2]">&gt;&gt;</a>&nbsp;&nbsp;&nbsp;ProbeRS232_RxPkt
<LI><a href="#[d0]">&gt;&gt;</a>&nbsp;&nbsp;&nbsp;ProbeRS232_RxBufClr
</UL>
<BR>[Called By]<UL><LI><a href="#[43]">&gt;&gt;</a>&nbsp;&nbsp;&nbsp;USART1_IRQHandler
</UL>

<P><STRONG><a name="[d3]"></a>ProbeRS232_RxIntEn</STRONG> (Thumb, 26 bytes, Stack size 8 bytes, probe_rs232c.o(i.ProbeRS232_RxIntEn))
<BR><BR>[Stack]<UL><LI>Max Depth = 8<LI>Call Chain = ProbeRS232_RxIntEn
</UL>
<BR>[Calls]<UL><LI><a href="#[d4]">&gt;&gt;</a>&nbsp;&nbsp;&nbsp;__NVIC_EnableIRQ
</UL>
<BR>[Called By]<UL><LI><a href="#[6e]">&gt;&gt;</a>&nbsp;&nbsp;&nbsp;main
</UL>

<P><STRONG><a name="[d7]"></a>ProbeRS232_Tx1</STRONG> (Thumb, 8 bytes, Stack size 0 bytes, probe_rs232c.o(i.ProbeRS232_Tx1))
<BR><BR>[Called By]<UL><LI><a href="#[d6]">&gt;&gt;</a>&nbsp;&nbsp;&nbsp;ProbeRS232_TxHandler
</UL>

<P><STRONG><a name="[d6]"></a>ProbeRS232_TxHandler</STRONG> (Thumb, 334 bytes, Stack size 8 bytes, probe_rs232.o(i.ProbeRS232_TxHandler))
<BR><BR>[Stack]<UL><LI>Max Depth = 8<LI>Call Chain = ProbeRS232_TxHandler
</UL>
<BR>[Calls]<UL><LI><a href="#[d8]">&gt;&gt;</a>&nbsp;&nbsp;&nbsp;ProbeRS232_TxIntDis
<LI><a href="#[d7]">&gt;&gt;</a>&nbsp;&nbsp;&nbsp;ProbeRS232_Tx1
</UL>
<BR>[Called By]<UL><LI><a href="#[d5]">&gt;&gt;</a>&nbsp;&nbsp;&nbsp;ProbeRS232_TxStart
<LI><a href="#[43]">&gt;&gt;</a>&nbsp;&nbsp;&nbsp;USART1_IRQHandler
</UL>

<P><STRONG><a name="[d8]"></a>ProbeRS232_TxIntDis</STRONG> (Thumb, 18 bytes, Stack size 0 bytes, probe_rs232c.o(i.ProbeRS232_TxIntDis))
<BR><BR>[Called By]<UL><LI><a href="#[d6]">&gt;&gt;</a>&nbsp;&nbsp;&nbsp;ProbeRS232_TxHandler
</UL>

<P><STRONG><a name="[d9]"></a>ProbeRS232_TxIntEn</STRONG> (Thumb, 26 bytes, Stack size 8 bytes, probe_rs232c.o(i.ProbeRS232_TxIntEn))
<BR><BR>[Stack]<UL><LI>Max Depth = 8<LI>Call Chain = ProbeRS232_TxIntEn
</UL>
<BR>[Calls]<UL><LI><a href="#[d4]">&gt;&gt;</a>&nbsp;&nbsp;&nbsp;__NVIC_EnableIRQ
</UL>
<BR>[Called By]<UL><LI><a href="#[d5]">&gt;&gt;</a>&nbsp;&nbsp;&nbsp;ProbeRS232_TxStart
<LI><a href="#[6e]">&gt;&gt;</a>&nbsp;&nbsp;&nbsp;main
</UL>

<P><STRONG><a name="[83]"></a>SENSOR_IO_Init</STRONG> (Thumb, 10 bytes, Stack size 8 bytes, stm32l475e_iot01.o(i.SENSOR_IO_Init))
<BR><BR>[Stack]<UL><LI>Max Depth = 96<LI>Call Chain = SENSOR_IO_Init &rArr; I2Cx_Init &rArr; I2Cx_MspInit &rArr; HAL_NVIC_SetPriority &rArr; __NVIC_SetPriority
</UL>
<BR>[Calls]<UL><LI><a href="#[ab]">&gt;&gt;</a>&nbsp;&nbsp;&nbsp;I2Cx_Init
</UL>
<BR>[Called By]<UL><LI><a href="#[82]">&gt;&gt;</a>&nbsp;&nbsp;&nbsp;BSP_TSENSOR_Init
<LI><a href="#[11]">&gt;&gt;</a>&nbsp;&nbsp;&nbsp;LSM6DSL_GyroReadID
<LI><a href="#[c]">&gt;&gt;</a>&nbsp;&nbsp;&nbsp;LSM6DSL_AccReadID
<LI><a href="#[6]">&gt;&gt;</a>&nbsp;&nbsp;&nbsp;HTS221_H_ReadID
<LI><a href="#[1]">&gt;&gt;</a>&nbsp;&nbsp;&nbsp;LPS22HB_P_ReadID
</UL>

<P><STRONG><a name="[a5]"></a>SENSOR_IO_Read</STRONG> (Thumb, 36 bytes, Stack size 24 bytes, stm32l475e_iot01.o(i.SENSOR_IO_Read))
<BR><BR>[Stack]<UL><LI>Max Depth = 184<LI>Call Chain = SENSOR_IO_Read &rArr; I2Cx_ReadMultiple &rArr; HAL_I2C_Mem_Read &rArr; I2C_RequestMemoryRead &rArr; I2C_WaitOnTXISFlagUntilTimeout &rArr; I2C_IsAcknowledgeFailed
</UL>
<BR>[Calls]<UL><LI><a href="#[ae]">&gt;&gt;</a>&nbsp;&nbsp;&nbsp;I2Cx_ReadMultiple
</UL>
<BR>[Called By]<UL><LI><a href="#[13]">&gt;&gt;</a>&nbsp;&nbsp;&nbsp;LSM6DSL_GyroReadXYZAngRate
<LI><a href="#[11]">&gt;&gt;</a>&nbsp;&nbsp;&nbsp;LSM6DSL_GyroReadID
<LI><a href="#[12]">&gt;&gt;</a>&nbsp;&nbsp;&nbsp;LSM6DSL_GyroLowPower
<LI><a href="#[f]">&gt;&gt;</a>&nbsp;&nbsp;&nbsp;LSM6DSL_GyroInit
<LI><a href="#[10]">&gt;&gt;</a>&nbsp;&nbsp;&nbsp;LSM6DSL_GyroDeInit
<LI><a href="#[e]">&gt;&gt;</a>&nbsp;&nbsp;&nbsp;LSM6DSL_AccReadXYZ
<LI><a href="#[c]">&gt;&gt;</a>&nbsp;&nbsp;&nbsp;LSM6DSL_AccReadID
<LI><a href="#[d]">&gt;&gt;</a>&nbsp;&nbsp;&nbsp;LSM6DSL_AccLowPower
<LI><a href="#[a]">&gt;&gt;</a>&nbsp;&nbsp;&nbsp;LSM6DSL_AccInit
<LI><a href="#[b]">&gt;&gt;</a>&nbsp;&nbsp;&nbsp;LSM6DSL_AccDeInit
<LI><a href="#[9]">&gt;&gt;</a>&nbsp;&nbsp;&nbsp;HTS221_T_ReadTemp
<LI><a href="#[8]">&gt;&gt;</a>&nbsp;&nbsp;&nbsp;HTS221_T_Init
<LI><a href="#[6]">&gt;&gt;</a>&nbsp;&nbsp;&nbsp;HTS221_H_ReadID
<LI><a href="#[5]">&gt;&gt;</a>&nbsp;&nbsp;&nbsp;HTS221_H_Init
<LI><a href="#[4]">&gt;&gt;</a>&nbsp;&nbsp;&nbsp;LPS22HB_T_ReadTemp
<LI><a href="#[2]">&gt;&gt;</a>&nbsp;&nbsp;&nbsp;LPS22HB_P_ReadPressure
<LI><a href="#[1]">&gt;&gt;</a>&nbsp;&nbsp;&nbsp;LPS22HB_P_ReadID
<LI><a href="#[b0]">&gt;&gt;</a>&nbsp;&nbsp;&nbsp;LPS22HB_Init
</UL>

<P><STRONG><a name="[a7]"></a>SENSOR_IO_ReadMultiple</STRONG> (Thumb, 32 bytes, Stack size 32 bytes, stm32l475e_iot01.o(i.SENSOR_IO_ReadMultiple))
<BR><BR>[Stack]<UL><LI>Max Depth = 192<LI>Call Chain = SENSOR_IO_ReadMultiple &rArr; I2Cx_ReadMultiple &rArr; HAL_I2C_Mem_Read &rArr; I2C_RequestMemoryRead &rArr; I2C_WaitOnTXISFlagUntilTimeout &rArr; I2C_IsAcknowledgeFailed
</UL>
<BR>[Calls]<UL><LI><a href="#[ae]">&gt;&gt;</a>&nbsp;&nbsp;&nbsp;I2Cx_ReadMultiple
</UL>
<BR>[Called By]<UL><LI><a href="#[13]">&gt;&gt;</a>&nbsp;&nbsp;&nbsp;LSM6DSL_GyroReadXYZAngRate
<LI><a href="#[e]">&gt;&gt;</a>&nbsp;&nbsp;&nbsp;LSM6DSL_AccReadXYZ
<LI><a href="#[9]">&gt;&gt;</a>&nbsp;&nbsp;&nbsp;HTS221_T_ReadTemp
<LI><a href="#[7]">&gt;&gt;</a>&nbsp;&nbsp;&nbsp;HTS221_H_ReadHumidity
</UL>

<P><STRONG><a name="[a6]"></a>SENSOR_IO_Write</STRONG> (Thumb, 32 bytes, Stack size 32 bytes, stm32l475e_iot01.o(i.SENSOR_IO_Write))
<BR><BR>[Stack]<UL><LI>Max Depth = 192<LI>Call Chain = SENSOR_IO_Write &rArr; I2Cx_WriteMultiple &rArr; HAL_I2C_Mem_Write &rArr; I2C_RequestMemoryWrite &rArr; I2C_WaitOnTXISFlagUntilTimeout &rArr; I2C_IsAcknowledgeFailed
</UL>
<BR>[Calls]<UL><LI><a href="#[af]">&gt;&gt;</a>&nbsp;&nbsp;&nbsp;I2Cx_WriteMultiple
</UL>
<BR>[Called By]<UL><LI><a href="#[12]">&gt;&gt;</a>&nbsp;&nbsp;&nbsp;LSM6DSL_GyroLowPower
<LI><a href="#[f]">&gt;&gt;</a>&nbsp;&nbsp;&nbsp;LSM6DSL_GyroInit
<LI><a href="#[10]">&gt;&gt;</a>&nbsp;&nbsp;&nbsp;LSM6DSL_GyroDeInit
<LI><a href="#[d]">&gt;&gt;</a>&nbsp;&nbsp;&nbsp;LSM6DSL_AccLowPower
<LI><a href="#[a]">&gt;&gt;</a>&nbsp;&nbsp;&nbsp;LSM6DSL_AccInit
<LI><a href="#[b]">&gt;&gt;</a>&nbsp;&nbsp;&nbsp;LSM6DSL_AccDeInit
<LI><a href="#[8]">&gt;&gt;</a>&nbsp;&nbsp;&nbsp;HTS221_T_Init
<LI><a href="#[5]">&gt;&gt;</a>&nbsp;&nbsp;&nbsp;HTS221_H_Init
<LI><a href="#[b0]">&gt;&gt;</a>&nbsp;&nbsp;&nbsp;LPS22HB_Init
</UL>

<P><STRONG><a name="[1a]"></a>SVC_Handler</STRONG> (Thumb, 2 bytes, Stack size 0 bytes, stm32l4xx_it.o(i.SVC_Handler))
<BR>[Address Reference Count : 1]<UL><LI> startup_stm32l475xx.o(RESET)
</UL>
<P><STRONG><a name="[1d]"></a>SysTick_Handler</STRONG> (Thumb, 8 bytes, Stack size 8 bytes, stm32l4xx_it.o(i.SysTick_Handler))
<BR><BR>[Stack]<UL><LI>Max Depth = 8<LI>Call Chain = SysTick_Handler
</UL>
<BR>[Calls]<UL><LI><a href="#[db]">&gt;&gt;</a>&nbsp;&nbsp;&nbsp;HAL_IncTick
</UL>
<BR>[Address Reference Count : 1]<UL><LI> startup_stm32l475xx.o(RESET)
</UL>
<P><STRONG><a name="[6f]"></a>SystemInit</STRONG> (Thumb, 68 bytes, Stack size 0 bytes, system_stm32l4xx.o(i.SystemInit))
<BR>[Address Reference Count : 1]<UL><LI> startup_stm32l475xx.o(.text)
</UL>
<P><STRONG><a name="[a3]"></a>UART_AdvFeatureConfig</STRONG> (Thumb, 248 bytes, Stack size 0 bytes, stm32l4xx_hal_uart.o(i.UART_AdvFeatureConfig))
<BR><BR>[Called By]<UL><LI><a href="#[7b]">&gt;&gt;</a>&nbsp;&nbsp;&nbsp;HAL_UART_Init
</UL>

<P><STRONG><a name="[a4]"></a>UART_CheckIdleState</STRONG> (Thumb, 116 bytes, Stack size 16 bytes, stm32l4xx_hal_uart.o(i.UART_CheckIdleState))
<BR><BR>[Stack]<UL><LI>Max Depth = 40<LI>Call Chain = UART_CheckIdleState &rArr; UART_WaitOnFlagUntilTimeout
</UL>
<BR>[Calls]<UL><LI><a href="#[85]">&gt;&gt;</a>&nbsp;&nbsp;&nbsp;HAL_GetTick
<LI><a href="#[dd]">&gt;&gt;</a>&nbsp;&nbsp;&nbsp;UART_WaitOnFlagUntilTimeout
</UL>
<BR>[Called By]<UL><LI><a href="#[7b]">&gt;&gt;</a>&nbsp;&nbsp;&nbsp;HAL_UART_Init
</UL>

<P><STRONG><a name="[a2]"></a>UART_SetConfig</STRONG> (Thumb, 1158 bytes, Stack size 40 bytes, stm32l4xx_hal_uart.o(i.UART_SetConfig))
<BR><BR>[Stack]<UL><LI>Max Depth = 80<LI>Call Chain = UART_SetConfig &rArr; __aeabi_uldivmod
</UL>
<BR>[Calls]<UL><LI><a href="#[9a]">&gt;&gt;</a>&nbsp;&nbsp;&nbsp;HAL_RCC_GetSysClockFreq
<LI><a href="#[9d]">&gt;&gt;</a>&nbsp;&nbsp;&nbsp;HAL_RCC_GetPCLK2Freq
[...]
<LI><a href="#[d3]">&gt;&gt;</a>&nbsp;&nbsp;&nbsp;ProbeRS232_RxIntEn
</UL>

<P><STRONG><a name="[ce]"></a>ProbeRS232_ParseRxPkt</STRONG> (Thumb, 40 bytes, Stack size 8 bytes, probe_rs232.o(i.ProbeRS232_ParseRxPkt))
<BR><BR>[Stack]<UL><LI>Max Depth = 184 + Unknown Stack Size
<LI>Call Chain = ProbeRS232_ParseRxPkt &rArr; ProbeCom_ParseRxPkt &rArr; ProbeCom_ReqWrMulti &rArr; ProbeCom_ReqErr &rArr; ProbeCom_PktModifier &rArr; ProbeCom_StrOutAvail &rArr; ProbeCom_BufIsEmpty
</UL>
<BR>[Calls]<UL><LI><a href="#[ba]">&gt;&gt;</a>&nbsp;&nbsp;&nbsp;ProbeCom_ParseRxPkt
</UL>
<BR>[Called By]<UL><LI><a href="#[d2]">&gt;&gt;</a>&nbsp;&nbsp;&nbsp;ProbeRS232_RxPkt
</UL>

<P><STRONG><a name="[d0]"></a>ProbeRS232_RxBufClr</STRONG> (Thumb, 8 bytes, Stack size 0 bytes, probe_rs232.o(i.ProbeRS232_RxBufClr))
<BR><BR>[Called By]<UL><LI><a href="#[cf]">&gt;&gt;</a>&nbsp;&nbsp;&nbsp;ProbeRS232_RxHandler
</UL>

<P><STRONG><a name="[d2]"></a>ProbeRS232_RxPkt</STRONG> (Thumb, 50 bytes, Stack size 16 bytes, probe_rs232.o(i.ProbeRS232_RxPkt))
<BR><BR>[Stack]<UL><LI>Max Depth = 200 + Unknown Stack Size
<LI>Call Chain = ProbeRS232_RxPkt &rArr; ProbeRS232_ParseRxPkt &rArr; ProbeCom_ParseRxPkt &rArr; ProbeCom_ReqWrMulti &rArr; ProbeCom_ReqErr &rArr; ProbeCom_PktModifier &rArr; ProbeCom_StrOutAvail &rArr; ProbeCom_BufIsEmpty
</UL>
<BR>[Calls]<UL><LI><a href="#[b2]">&gt;&gt;</a>&nbsp;&nbsp;&nbsp;CPU_SR_Save
<LI><a href="#[b3]">&gt;&gt;</a>&nbsp;&nbsp;&nbsp;CPU_SR_Restore
<LI><a href="#[d5]">&gt;&gt;</a>&nbsp;&nbsp;&nbsp;ProbeRS232_TxStart
<LI><a href="#[ce]">&gt;&gt;</a>&nbsp;&nbsp;&nbsp;ProbeRS232_ParseRxPkt
</UL>
<BR>[Called By]<UL><LI><a href="#[cf]">&gt;&gt;</a>&nbsp;&nbsp;&nbsp;ProbeRS232_RxHandler
</UL>

<P><STRONG><a name="[d1]"></a>ProbeRS232_RxStoINT8U</STRONG> (Thumb, 26 bytes, Stack size 0 bytes, probe_rs232.o(i.ProbeRS232_RxStoINT8U))
<BR><BR>[Called By]<UL><LI><a href="#[cf]">&gt;&gt;</a>&nbsp;&nbsp;&nbsp;ProbeRS232_RxHandler
</UL>

<P><STRONG><a name="[d5]"></a>ProbeRS232_TxStart</STRONG> (Thumb, 18 bytes, Stack size 8 bytes, probe_rs232.o(i.ProbeRS232_TxStart))
<BR><BR>[Stack]<UL><LI>Max Depth = 16<LI>Call Chain = ProbeRS232_TxStart &rArr; ProbeRS232_TxHandler
</UL>
<BR>[Calls]<UL><LI><a href="#[d6]">&gt;&gt;</a>&nbsp;&nbsp;&nbsp;ProbeRS232_TxHandler
<LI><a href="#[d9]">&gt;&gt;</a>&nbsp;&nbsp;&nbsp;ProbeRS232_TxIntEn
</UL>
<BR>[Called By]<UL><LI><a href="#[d2]">&gt;&gt;</a>&nbsp;&nbsp;&nbsp;ProbeRS232_RxPkt
</UL>

<P><STRONG><a name="[b1]"></a>ProbeCom_BufIsEmpty</STRONG> (Thumb, 54 bytes, Stack size 16 bytes, probe_com.o(i.ProbeCom_BufIsEmpty))
<BR><BR>[Stack]<UL><LI>Max Depth = 16 + Unknown Stack Size
<LI>Call Chain = ProbeCom_BufIsEmpty
</UL>
<BR>[Calls]<UL><LI><a href="#[b2]">&gt;&gt;</a>&nbsp;&nbsp;&nbsp;CPU_SR_Save
<LI><a href="#[b3]">&gt;&gt;</a>&nbsp;&nbsp;&nbsp;CPU_SR_Restore
</UL>
<BR>[Called By]<UL><LI><a href="#[c7]">&gt;&gt;</a>&nbsp;&nbsp;&nbsp;ProbeCom_StrOutAvail
</UL>

<P><STRONG><a name="[b4]"></a>ProbeCom_BufRd</STRONG> (Thumb, 212 bytes, Stack size 48 bytes, probe_com.o(i.ProbeCom_BufRd))
<BR><BR>[Stack]<UL><LI>Max Depth = 48 + Unknown Stack Size
<LI>Call Chain = ProbeCom_BufRd
</UL>
<BR>[Calls]<UL><LI><a href="#[b5]">&gt;&gt;</a>&nbsp;&nbsp;&nbsp;Mem_Copy
<LI><a href="#[b2]">&gt;&gt;</a>&nbsp;&nbsp;&nbsp;CPU_SR_Save
<LI><a href="#[b3]">&gt;&gt;</a>&nbsp;&nbsp;&nbsp;CPU_SR_Restore
</UL>
<BR>[Called By]<UL><LI><a href="#[c1]">&gt;&gt;</a>&nbsp;&nbsp;&nbsp;ProbeCom_ReqStrOut
</UL>

<P><STRONG><a name="[b6]"></a>ProbeCom_BufWr</STRONG> (Thumb, 194 bytes, Stack size 56 bytes, probe_com.o(i.ProbeCom_BufWr))
<BR><BR>[Stack]<UL><LI>Max Depth = 56 + Unknown Stack Size
<LI>Call Chain = ProbeCom_BufWr
</UL>
<BR>[Calls]<UL><LI><a href="#[b5]">&gt;&gt;</a>&nbsp;&nbsp;&nbsp;Mem_Copy
<LI><a href="#[b2]">&gt;&gt;</a>&nbsp;&nbsp;&nbsp;CPU_SR_Save
<LI><a href="#[b3]">&gt;&gt;</a>&nbsp;&nbsp;&nbsp;CPU_SR_Restore
</UL>
<BR>[Called By]<UL><LI><a href="#[c0]">&gt;&gt;</a>&nbsp;&nbsp;&nbsp;ProbeCom_ReqStrIn
</UL>

<P><STRONG><a name="[b8]"></a>ProbeCom_GetINT08U</STRONG> (Thumb, 12 bytes, Stack size 0 bytes, probe_com.o(i.ProbeCom_GetINT08U))
<BR><BR>[Called By]<UL><LI><a href="#[b7]">&gt;&gt;</a>&nbsp;&nbsp;&nbsp;ProbeCom_GetINT16U
</UL>

<P><STRONG><a name="[b7]"></a>ProbeCom_GetINT16U</STRONG> (Thumb, 32 bytes, Stack size 16 bytes, probe_com.o(i.ProbeCom_GetINT16U))
<BR><BR>[Stack]<UL><LI>Max Depth = 16<LI>Call Chain = ProbeCom_GetINT16U
</UL>
<BR>[Calls]<UL><LI><a href="#[b8]">&gt;&gt;</a>&nbsp;&nbsp;&nbsp;ProbeCom_GetINT08U
</UL>
<BR>[Called By]<UL><LI><a href="#[be]">&gt;&gt;</a>&nbsp;&nbsp;&nbsp;ProbeCom_ReqWr
<LI><a href="#[bc]">&gt;&gt;</a>&nbsp;&nbsp;&nbsp;ProbeCom_ReqRd
<LI><a href="#[bb]">&gt;&gt;</a>&nbsp;&nbsp;&nbsp;ProbeCom_ReqQuery
<LI><a href="#[b9]">&gt;&gt;</a>&nbsp;&nbsp;&nbsp;ProbeCom_GetINT32U
</UL>

<P><STRONG><a name="[b9]"></a>ProbeCom_GetINT32U</STRONG> (Thumb, 26 bytes, Stack size 16 bytes, probe_com.o(i.ProbeCom_GetINT32U))
<BR><BR>[Stack]<UL><LI>Max Depth = 32<LI>Call Chain = ProbeCom_GetINT32U &rArr; ProbeCom_GetINT16U
</UL>
<BR>[Calls]<UL><LI><a href="#[b7]">&gt;&gt;</a>&nbsp;&nbsp;&nbsp;ProbeCom_GetINT16U
</UL>
<BR>[Called By]<UL><LI><a href="#[be]">&gt;&gt;</a>&nbsp;&nbsp;&nbsp;ProbeCom_ReqWr
<LI><a href="#[bc]">&gt;&gt;</a>&nbsp;&nbsp;&nbsp;ProbeCom_ReqRd
</UL>

<P><STRONG><a name="[c6]"></a>ProbeCom_PktModifier</STRONG> (Thumb, 50 bytes, Stack size 16 bytes, probe_com.o(i.ProbeCom_PktModifier))
<BR><BR>[Stack]<UL><LI>Max Depth = 48 + Unknown Stack Size
<LI>Call Chain = ProbeCom_PktModifier &rArr; ProbeCom_StrOutAvail &rArr; ProbeCom_BufIsEmpty
</UL>
<BR>[Calls]<UL><LI><a href="#[c8]">&gt;&gt;</a>&nbsp;&nbsp;&nbsp;ProbeCom_TerminalOutAvail
<LI><a href="#[c9]">&gt;&gt;</a>&nbsp;&nbsp;&nbsp;ProbeCom_TerminalExecDone
<LI><a href="#[c7]">&gt;&gt;</a>&nbsp;&nbsp;&nbsp;ProbeCom_StrOutAvail
</UL>
<BR>[Called By]<UL><LI><a href="#[bf]">&gt;&gt;</a>&nbsp;&nbsp;&nbsp;ProbeCom_ReqWrMulti
<LI><a href="#[be]">&gt;&gt;</a>&nbsp;&nbsp;&nbsp;ProbeCom_ReqWr
<LI><a href="#[c3]">&gt;&gt;</a>&nbsp;&nbsp;&nbsp;ProbeCom_ReqTerminalIn
<LI><a href="#[c2]">&gt;&gt;</a>&nbsp;&nbsp;&nbsp;ProbeCom_ReqTerminalExec
<LI><a href="#[c1]">&gt;&gt;</a>&nbsp;&nbsp;&nbsp;ProbeCom_ReqStrOut
<LI><a href="#[c0]">&gt;&gt;</a>&nbsp;&nbsp;&nbsp;ProbeCom_ReqStrIn
<LI><a href="#[bd]">&gt;&gt;</a>&nbsp;&nbsp;&nbsp;ProbeCom_ReqRdMulti
<LI><a href="#[bc]">&gt;&gt;</a>&nbsp;&nbsp;&nbsp;ProbeCom_ReqRd
<LI><a href="#[bb]">&gt;&gt;</a>&nbsp;&nbsp;&nbsp;ProbeCom_ReqQuery
<LI><a href="#[c5]">&gt;&gt;</a>&nbsp;&nbsp;&nbsp;ProbeCom_ReqErr
</UL>

<P><STRONG><a name="[c5]"></a>ProbeCom_ReqErr</STRONG> (Thumb, 52 bytes, Stack size 24 bytes, probe_com.o(i.ProbeCom_ReqErr))
<BR><BR>[Stack]<UL><LI>Max Depth = 72 + Unknown Stack Size
<LI>Call Chain = ProbeCom_ReqErr &rArr; ProbeCom_PktModifier &rArr; ProbeCom_StrOutAvail &rArr; ProbeCom_BufIsEmpty
</UL>
<BR>[Calls]<UL><LI><a href="#[ca]">&gt;&gt;</a>&nbsp;&nbsp;&nbsp;ProbeCom_StoINT16U
<LI><a href="#[cb]">&gt;&gt;</a>&nbsp;&nbsp;&nbsp;ProbeCom_StoINT08U
<LI><a href="#[c6]">&gt;&gt;</a>&nbsp;&nbsp;&nbsp;ProbeCom_PktModifier
</UL>
<BR>[Called By]<UL><LI><a href="#[bf]">&gt;&gt;</a>&nbsp;&nbsp;&nbsp;ProbeCom_ReqWrMulti
<LI><a href="#[be]">&gt;&gt;</a>&nbsp;&nbsp;&nbsp;ProbeCom_ReqWr
<LI><a href="#[c4]">&gt;&gt;</a>&nbsp;&nbsp;&nbsp;ProbeCom_ReqTerminalOut
<LI><a href="#[c3]">&gt;&gt;</a>&nbsp;&nbsp;&nbsp;ProbeCom_ReqTerminalIn
<LI><a href="#[c2]">&gt;&gt;</a>&nbsp;&nbsp;&nbsp;ProbeCom_ReqTerminalExec
<LI><a href="#[c1]">&gt;&gt;</a>&nbsp;&nbsp;&nbsp;ProbeCom_ReqStrOut
<LI><a href="#[c0]">&gt;&gt;</a>&nbsp;&nbsp;&nbsp;ProbeCom_ReqStrIn
<LI><a href="#[bd]">&gt;&gt;</a>&nbsp;&nbsp;&nbsp;ProbeCom_ReqRdMulti
<LI><a href="#[bc]">&gt;&gt;</a>&nbsp;&nbsp;&nbsp;ProbeCom_ReqRd
<LI><a href="#[bb]">&gt;&gt;</a>&nbsp;&nbsp;&nbsp;ProbeCom_ReqQuery
<LI><a href="#[ba]">&gt;&gt;</a>&nbsp;&nbsp;&nbsp;ProbeCom_ParseRxPkt
</UL>

<P><STRONG><a name="[bb]"></a>ProbeCom_ReqQuery</STRONG> (Thumb, 388 bytes, Stack size 48 bytes, probe_com.o(i.ProbeCom_ReqQuery))
<BR><BR>[Stack]<UL><LI>Max Depth = 120 + Unknown Stack Size
<LI>Call Chain = ProbeCom_ReqQuery &rArr; ProbeCom_ReqErr &rArr; ProbeCom_PktModifier &rArr; ProbeCom_StrOutAvail &rArr; ProbeCom_BufIsEmpty
</UL>
<BR>[Calls]<UL><LI><a href="#[b5]">&gt;&gt;</a>&nbsp;&nbsp;&nbsp;Mem_Copy
<LI><a href="#[ca]">&gt;&gt;</a>&nbsp;&nbsp;&nbsp;ProbeCom_StoINT16U
<LI><a href="#[cb]">&gt;&gt;</a>&nbsp;&nbsp;&nbsp;ProbeCom_StoINT08U
<LI><a href="#[c5]">&gt;&gt;</a>&nbsp;&nbsp;&nbsp;ProbeCom_ReqErr
<LI><a href="#[c6]">&gt;&gt;</a>&nbsp;&nbsp;&nbsp;ProbeCom_PktModifier
<LI><a href="#[b7]">&gt;&gt;</a>&nbsp;&nbsp;&nbsp;ProbeCom_GetINT16U
</UL>
<BR>[Called By]<UL><LI><a href="#[ba]">&gt;&gt;</a>&nbsp;&nbsp;&nbsp;ProbeCom_ParseRxPkt
</UL>

<P><STRONG><a name="[bc]"></a>ProbeCom_ReqRd</STRONG> (Thumb, 134 bytes, Stack size 48 bytes, probe_com.o(i.ProbeCom_ReqRd))
<BR><BR>[Stack]<UL><LI>Max Depth = 120 + Unknown Stack Size
<LI>Call Chain = ProbeCom_ReqRd &rArr; ProbeCom_ReqErr &rArr; ProbeCom_PktModifier &rArr; ProbeCom_StrOutAvail &rArr; ProbeCom_BufIsEmpty
</UL>
<BR>[Calls]<UL><LI><a href="#[b5]">&gt;&gt;</a>&nbsp;&nbsp;&nbsp;Mem_Copy
<LI><a href="#[ca]">&gt;&gt;</a>&nbsp;&nbsp;&nbsp;ProbeCom_StoINT16U
<LI><a href="#[cb]">&gt;&gt;</a>&nbsp;&nbsp;&nbsp;ProbeCom_StoINT08U
<LI><a href="#[c5]">&gt;&gt;</a>&nbsp;&nbsp;&nbsp;ProbeCom_ReqErr
<LI><a href="#[c6]">&gt;&gt;</a>&nbsp;&nbsp;&nbsp;ProbeCom_PktModifier
<LI><a href="#[b9]">&gt;&gt;</a>&nbsp;&nbsp;&nbsp;ProbeCom_GetINT32U
<LI><a href="#[b7]">&gt;&gt;</a>&nbsp;&nbsp;&nbsp;ProbeCom_GetINT16U
</UL>
<BR>[Called By]<UL><LI><a href="#[ba]">&gt;&gt;</a>&nbsp;&nbsp;&nbsp;ProbeCom_ParseRxPkt
</UL>

<P><STRONG><a name="[bd]"></a>ProbeCom_ReqRdMulti</STRONG> (Thumb, 186 bytes, Stack size 64 bytes, probe_com.o(i.ProbeCom_ReqRdMulti))
<BR><BR>[Stack]<UL><LI>Max Depth = 136 + Unknown Stack Size
<LI>Call Chain = ProbeCom_ReqRdMulti &rArr; ProbeCom_ReqErr &rArr; ProbeCom_PktModifier &rArr; ProbeCom_StrOutAvail &rArr; ProbeCom_BufIsEmpty
</UL>
<BR>[Calls]<UL><LI><a href="#[b5]">&gt;&gt;</a>&nbsp;&nbsp;&nbsp;Mem_Copy
<LI><a href="#[c5]">&gt;&gt;</a>&nbsp;&nbsp;&nbsp;ProbeCom_ReqErr
<LI><a href="#[c6]">&gt;&gt;</a>&nbsp;&nbsp;&nbsp;ProbeCom_PktModifier
</UL>
<BR>[Called By]<UL><LI><a href="#[ba]">&gt;&gt;</a>&nbsp;&nbsp;&nbsp;ProbeCom_ParseRxPkt
</UL>

<P><STRONG><a name="[c0]"></a>ProbeCom_ReqStrIn</STRONG> (Thumb, 112 bytes, Stack size 56 bytes, probe_com.o(i.ProbeCom_ReqStrIn))
<BR><BR>[Stack]<UL><LI>Max Depth = 128 + Unknown Stack Size
<LI>Call Chain = ProbeCom_ReqStrIn &rArr; ProbeCom_ReqErr &rArr; ProbeCom_PktModifier &rArr; ProbeCom_StrOutAvail &rArr; ProbeCom_BufIsEmpty
</UL>
<BR>[Calls]<UL><LI><a href="#[ca]">&gt;&gt;</a>&nbsp;&nbsp;&nbsp;ProbeCom_StoINT16U
<LI><a href="#[cb]">&gt;&gt;</a>&nbsp;&nbsp;&nbsp;ProbeCom_StoINT08U
<LI><a href="#[c5]">&gt;&gt;</a>&nbsp;&nbsp;&nbsp;ProbeCom_ReqErr
<LI><a href="#[c6]">&gt;&gt;</a>&nbsp;&nbsp;&nbsp;ProbeCom_PktModifier
<LI><a href="#[b6]">&gt;&gt;</a>&nbsp;&nbsp;&nbsp;ProbeCom_BufWr
</UL>
<BR>[Called By]<UL><LI><a href="#[ba]">&gt;&gt;</a>&nbsp;&nbsp;&nbsp;ProbeCom_ParseRxPkt
</UL>

<P><STRONG><a name="[c1]"></a>ProbeCom_ReqStrOut</STRONG> (Thumb, 118 bytes, Stack size 48 bytes, probe_com.o(i.ProbeCom_ReqStrOut))
<BR><BR>[Stack]<UL><LI>Max Depth = 120 + Unknown Stack Size
<LI>Call Chain = ProbeCom_ReqStrOut &rArr; ProbeCom_ReqErr &rArr; ProbeCom_PktModifier &rArr; ProbeCom_StrOutAvail &rArr; ProbeCom_BufIsEmpty
</UL>
<BR>[Calls]<UL><LI><a href="#[ca]">&gt;&gt;</a>&nbsp;&nbsp;&nbsp;ProbeCom_StoINT16U
<LI><a href="#[cb]">&gt;&gt;</a>&nbsp;&nbsp;&nbsp;ProbeCom_StoINT08U
<LI><a href="#[c5]">&gt;&gt;</a>&nbsp;&nbsp;&nbsp;ProbeCom_ReqErr
<LI><a href="#[c6]">&gt;&gt;</a>&nbsp;&nbsp;&nbsp;ProbeCom_PktModifier
<LI><a href="#[b4]">&gt;&gt;</a>&nbsp;&nbsp;&nbsp;ProbeCom_BufRd
</UL>
<BR>[Called By]<UL><LI><a href="#[ba]">&gt;&gt;</a>&nbsp;&nbsp;&nbsp;ProbeCom_ParseRxPkt
</UL>

<P><STRONG><a name="[c2]"></a>ProbeCom_ReqTerminalExec</STRONG> (Thumb, 126 bytes, Stack size 56 bytes, probe_com.o(i.ProbeCom_ReqTerminalExec))
<BR><BR>[Stack]<UL><LI>Max Depth = 128 + Unknown Stack Size
<LI>Call Chain = ProbeCom_ReqTerminalExec &rArr; ProbeCom_ReqErr &rArr; ProbeCom_PktModifier &rArr; ProbeCom_StrOutAvail &rArr; ProbeCom_BufIsEmpty
</UL>
<BR>[Calls]<UL><LI><a href="#[ca]">&gt;&gt;</a>&nbsp;&nbsp;&nbsp;ProbeCom_StoINT16U
<LI><a href="#[cb]">&gt;&gt;</a>&nbsp;&nbsp;&nbsp;ProbeCom_StoINT08U
<LI><a href="#[c5]">&gt;&gt;</a>&nbsp;&nbsp;&nbsp;ProbeCom_ReqErr
<LI><a href="#[c6]">&gt;&gt;</a>&nbsp;&nbsp;&nbsp;ProbeCom_PktModifier
<LI><a href="#[b2]">&gt;&gt;</a>&nbsp;&nbsp;&nbsp;CPU_SR_Save
<LI><a href="#[b3]">&gt;&gt;</a>&nbsp;&nbsp;&nbsp;CPU_SR_Restore
</UL>
<BR>[Called By]<UL><LI><a href="#[ba]">&gt;&gt;</a>&nbsp;&nbsp;&nbsp;ProbeCom_ParseRxPkt
</UL>

<P><STRONG><a name="[c3]"></a>ProbeCom_ReqTerminalIn</STRONG> (Thumb, 120 bytes, Stack size 56 bytes, probe_com.o(i.ProbeCom_ReqTerminalIn))
<BR><BR>[Stack]<UL><LI>Max Depth = 128 + Unknown Stack Size
<LI>Call Chain = ProbeCom_ReqTerminalIn &rArr; ProbeCom_ReqErr &rArr; ProbeCom_PktModifier &rArr; ProbeCom_StrOutAvail &rArr; ProbeCom_BufIsEmpty
</UL>
<BR>[Calls]<UL><LI><a href="#[ca]">&gt;&gt;</a>&nbsp;&nbsp;&nbsp;ProbeCom_StoINT16U
<LI><a href="#[cb]">&gt;&gt;</a>&nbsp;&nbsp;&nbsp;ProbeCom_StoINT08U
<LI><a href="#[c5]">&gt;&gt;</a>&nbsp;&nbsp;&nbsp;ProbeCom_ReqErr
<LI><a href="#[c6]">&gt;&gt;</a>&nbsp;&nbsp;&nbsp;ProbeCom_PktModifier
<LI><a href="#[b2]">&gt;&gt;</a>&nbsp;&nbsp;&nbsp;CPU_SR_Save
<LI><a href="#[b3]">&gt;&gt;</a>&nbsp;&nbsp;&nbsp;CPU_SR_Restore
</UL>
<BR>[Called By]<UL><LI><a href="#[ba]">&gt;&gt;</a>&nbsp;&nbsp;&nbsp;ProbeCom_ParseRxPkt
</UL>

<P><STRONG><a name="[c4]"></a>ProbeCom_ReqTerminalOut</STRONG> (Thumb, 222 bytes, Stack size 56 bytes, probe_com.o(i.ProbeCom_ReqTerminalOut))
<BR><BR>[Stack]<UL><LI>Max Depth = 128 + Unknown Stack Size
<LI>Call Chain = ProbeCom_ReqTerminalOut &rArr; ProbeCom_ReqErr &rArr; ProbeCom_PktModifier &rArr; ProbeCom_StrOutAvail &rArr; ProbeCom_BufIsEmpty
</UL>
<BR>[Calls]<UL><LI><a href="#[b5]">&gt;&gt;</a>&nbsp;&nbsp;&nbsp;Mem_Copy
<LI><a href="#[ca]">&gt;&gt;</a>&nbsp;&nbsp;&nbsp;ProbeCom_StoINT16U
<LI><a href="#[cb]">&gt;&gt;</a>&nbsp;&nbsp;&nbsp;ProbeCom_StoINT08U
<LI><a href="#[c5]">&gt;&gt;</a>&nbsp;&nbsp;&nbsp;ProbeCom_ReqErr
<LI><a href="#[b2]">&gt;&gt;</a>&nbsp;&nbsp;&nbsp;CPU_SR_Save
<LI><a href="#[b3]">&gt;&gt;</a>&nbsp;&nbsp;&nbsp;CPU_SR_Restore
<LI><a href="#[cc]">&gt;&gt;</a>&nbsp;&nbsp;&nbsp;ProbeCom_OS_TerminalOutSignal
</UL>
<BR>[Called By]<UL><LI><a href="#[ba]">&gt;&gt;</a>&nbsp;&nbsp;&nbsp;ProbeCom_ParseRxPkt
</UL>

<P><STRONG><a name="[be]"></a>ProbeCom_ReqWr</STRONG> (Thumb, 166 bytes, Stack size 48 bytes, probe_com.o(i.ProbeCom_ReqWr))
<BR><BR>[Stack]<UL><LI>Max Depth = 120 + Unknown Stack Size
<LI>Call Chain = ProbeCom_ReqWr &rArr; ProbeCom_ReqErr &rArr; ProbeCom_PktModifier &rArr; ProbeCom_StrOutAvail &rArr; ProbeCom_BufIsEmpty
</UL>
<BR>[Calls]<UL><LI><a href="#[b5]">&gt;&gt;</a>&nbsp;&nbsp;&nbsp;Mem_Copy
<LI><a href="#[ca]">&gt;&gt;</a>&nbsp;&nbsp;&nbsp;ProbeCom_StoINT16U
<LI><a href="#[cb]">&gt;&gt;</a>&nbsp;&nbsp;&nbsp;ProbeCom_StoINT08U
<LI><a href="#[c5]">&gt;&gt;</a>&nbsp;&nbsp;&nbsp;ProbeCom_ReqErr
<LI><a href="#[c6]">&gt;&gt;</a>&nbsp;&nbsp;&nbsp;ProbeCom_PktModifier
<LI><a href="#[b9]">&gt;&gt;</a>&nbsp;&nbsp;&nbsp;ProbeCom_GetINT32U
<LI><a href="#[b7]">&gt;&gt;</a>&nbsp;&nbsp;&nbsp;ProbeCom_GetINT16U
<LI><a href="#[b2]">&gt;&gt;</a>&nbsp;&nbsp;&nbsp;CPU_SR_Save
<LI><a href="#[b3]">&gt;&gt;</a>&nbsp;&nbsp;&nbsp;CPU_SR_Restore
</UL>
<BR>[Called By]<UL><LI><a href="#[ba]">&gt;&gt;</a>&nbsp;&nbsp;&nbsp;ProbeCom_ParseRxPkt
</UL>

<P><STRONG><a name="[bf]"></a>ProbeCom_ReqWrMulti</STRONG> (Thumb, 206 bytes, Stack size 64 bytes, probe_com.o(i.ProbeCom_ReqWrMulti))
<BR><BR>[Stack]<UL><LI>Max Depth = 136 + Unknown Stack Size
<LI>Call Chain = ProbeCom_ReqWrMulti &rArr; ProbeCom_ReqErr &rArr; ProbeCom_PktModifier &rArr; ProbeCom_StrOutAvail &rArr; ProbeCom_BufIsEmpty
</UL>
<BR>[Calls]<UL><LI><a href="#[b5]">&gt;&gt;</a>&nbsp;&nbsp;&nbsp;Mem_Copy
<LI><a href="#[ca]">&gt;&gt;</a>&nbsp;&nbsp;&nbsp;ProbeCom_StoINT16U
<LI><a href="#[cb]">&gt;&gt;</a>&nbsp;&nbsp;&nbsp;ProbeCom_StoINT08U
<LI><a href="#[c5]">&gt;&gt;</a>&nbsp;&nbsp;&nbsp;ProbeCom_ReqErr
<LI><a href="#[c6]">&gt;&gt;</a>&nbsp;&nbsp;&nbsp;ProbeCom_PktModifier
<LI><a href="#[b2]">&gt;&gt;</a>&nbsp;&nbsp;&nbsp;CPU_SR_Save
<LI><a href="#[b3]">&gt;&gt;</a>&nbsp;&nbsp;&nbsp;CPU_SR_Restore
</UL>
<BR>[Called By]<UL><LI><a href="#[ba]">&gt;&gt;</a>&nbsp;&nbsp;&nbsp;ProbeCom_ParseRxPkt
</UL>

<P><STRONG><a name="[cb]"></a>ProbeCom_StoINT08U</STRONG> (Thumb, 10 bytes, Stack size 0 bytes, probe_com.o(i.ProbeCom_StoINT08U))
<BR><BR>[Called By]<UL><LI><a href="#[ca]">&gt;&gt;</a>&nbsp;&nbsp;&nbsp;ProbeCom_StoINT16U
<LI><a href="#[bf]">&gt;&gt;</a>&nbsp;&nbsp;&nbsp;ProbeCom_ReqWrMulti
<LI><a href="#[be]">&gt;&gt;</a>&nbsp;&nbsp;&nbsp;ProbeCom_ReqWr
<LI><a href="#[c4]">&gt;&gt;</a>&nbsp;&nbsp;&nbsp;ProbeCom_ReqTerminalOut
<LI><a href="#[c3]">&gt;&gt;</a>&nbsp;&nbsp;&nbsp;ProbeCom_ReqTerminalIn
<LI><a href="#[c2]">&gt;&gt;</a>&nbsp;&nbsp;&nbsp;ProbeCom_ReqTerminalExec
<LI><a href="#[c1]">&gt;&gt;</a>&nbsp;&nbsp;&nbsp;ProbeCom_ReqStrOut
<LI><a href="#[c0]">&gt;&gt;</a>&nbsp;&nbsp;&nbsp;ProbeCom_ReqStrIn
<LI><a href="#[bc]">&gt;&gt;</a>&nbsp;&nbsp;&nbsp;ProbeCom_ReqRd
<LI><a href="#[bb]">&gt;&gt;</a>&nbsp;&nbsp;&nbsp;ProbeCom_ReqQuery
<LI><a href="#[c5]">&gt;&gt;</a>&nbsp;&nbsp;&nbsp;ProbeCom_ReqErr
</UL>

<P><STRONG><a name="[ca]"></a>ProbeCom_StoINT16U</STRONG> (Thumb, 24 bytes, Stack size 16 bytes, probe_com.o(i.ProbeCom_StoINT16U))
<BR><BR>[Stack]<UL><LI>Max Depth = 16<LI>Call Chain = ProbeCom_StoINT16U
</UL>
<BR>[Calls]<UL><LI><a href="#[cb]">&gt;&gt;</a>&nbsp;&nbsp;&nbsp;ProbeCom_StoINT08U
</UL>
<BR>[Called By]<UL><LI><a href="#[bf]">&gt;&gt;</a>&nbsp;&nbsp;&nbsp;ProbeCom_ReqWrMulti
<LI><a href="#[be]">&gt;&gt;</a>&nbsp;&nbsp;&nbsp;ProbeCom_ReqWr
<LI><a href="#[c4]">&gt;&gt;</a>&nbsp;&nbsp;&nbsp;ProbeCom_ReqTerminalOut
<LI><a href="#[c3]">&gt;&gt;</a>&nbsp;&nbsp;&nbsp;ProbeCom_ReqTerminalIn
<LI><a href="#[c2]">&gt;&gt;</a>&nbsp;&nbsp;&nbsp;ProbeCom_ReqTerminalExec
<LI><a href="#[c1]">&gt;&gt;</a>&nbsp;&nbsp;&nbsp;ProbeCom_ReqStrOut
<LI><a href="#[c0]">&gt;&gt;</a>&nbsp;&nbsp;&nbsp;ProbeCom_ReqStrIn
<LI><a href="#[bc]">&gt;&gt;</a>&nbsp;&nbsp;&nbsp;ProbeCom_ReqRd
<LI><a href="#[bb]">&gt;&gt;</a>&nbsp;&nbsp;&nbsp;ProbeCom_ReqQuery
<LI><a href="#[c5]">&gt;&gt;</a>&nbsp;&nbsp;&nbsp;ProbeCom_ReqErr
</UL>

<P><STRONG><a name="[c7]"></a>ProbeCom_StrOutAvail</STRONG> (Thumb, 26 bytes, Stack size 16 bytes, probe_com.o(i.ProbeCom_StrOutAvail))
<BR><BR>[Stack]<UL><LI>Max Depth = 32 + Unknown Stack Size
<LI>Call Chain = ProbeCom_StrOutAvail &rArr; ProbeCom_BufIsEmpty
</UL>
<BR>[Calls]<UL><LI><a href="#[b1]">&gt;&gt;</a>&nbsp;&nbsp;&nbsp;ProbeCom_BufIsEmpty
</UL>
<BR>[Called By]<UL><LI><a href="#[c6]">&gt;&gt;</a>&nbsp;&nbsp;&nbsp;ProbeCom_PktModifier
</UL>

<P><STRONG><a name="[c9]"></a>ProbeCom_TerminalExecDone</STRONG> (Thumb, 50 bytes, Stack size 16 bytes, probe_com.o(i.ProbeCom_TerminalExecDone))
<BR><BR>[Stack]<UL><LI>Max Depth = 16 + Unknown Stack Size
<LI>Call Chain = ProbeCom_TerminalExecDone
</UL>
<BR>[Calls]<UL><LI><a href="#[b2]">&gt;&gt;</a>&nbsp;&nbsp;&nbsp;CPU_SR_Save
<LI><a href="#[b3]">&gt;&gt;</a>&nbsp;&nbsp;&nbsp;CPU_SR_Restore
</UL>
<BR>[Called By]<UL><LI><a href="#[c6]">&gt;&gt;</a>&nbsp;&nbsp;&nbsp;ProbeCom_PktModifier
</UL>

<P><STRONG><a name="[c8]"></a>ProbeCom_TerminalOutAvail</STRONG> (Thumb, 50 bytes, Stack size 16 bytes, probe_com.o(i.ProbeCom_TerminalOutAvail))
<BR><BR>[Stack]<UL><LI>Max Depth = 16 + Unknown Stack Size
<LI>Call Chain = ProbeCom_TerminalOutAvail
</UL>
<BR>[Calls]<UL><LI><a href="#[b2]">&gt;&gt;</a>&nbsp;&nbsp;&nbsp;CPU_SR_Save
<LI><a href="#[b3]">&gt;&gt;</a>&nbsp;&nbsp;&nbsp;CPU_SR_Restore
</UL>
<BR>[Called By]<UL><LI><a href="#[c6]">&gt;&gt;</a>&nbsp;&nbsp;&nbsp;ProbeCom_PktModifier
</UL>
<P>
<H3>
Undefined Global Symbols
</H3><HR></body></html>
